Component: ARM Compiler 5.06 update 6 (build 750) Tool: armlink [4d35ed]

==============================================================================

Section Cross References

    main.o(.text) refers to _printf_percent.o(.ARM.Collect$$_printf_percent$$00000000) for _printf_percent
    main.o(.text) refers to _printf_d.o(.ARM.Collect$$_printf_percent$$00000009) for _printf_d
    main.o(.text) refers to _printf_dec.o(.text) for _printf_int_dec
    main.o(.text) refers to lcd.o(.text) for LCD_DrawRectangle
    main.o(.text) refers to noretval__2printf.o(.text) for __2printf
    main.o(.text) refers to tasks.o(.text) for vTaskDelay
    main.o(.text) refers to key.o(.text) for KEY_Scan
    main.o(.text) refers to port.o(.text) for vPortEnterCritical
    main.o(.text) refers to misc.o(.text) for NVIC_PriorityGroupConfig
    main.o(.text) refers to delay.o(.text) for delay_init
    main.o(.text) refers to usart.o(.text) for uart_init
    main.o(.text) refers to led.o(.text) for LED_Init
    main.o(.text) refers to exti.o(.text) for EXTIX_Init
    main.o(.text) refers to lcd.o(.data) for POINT_COLOR
    main.o(.text) refers to main.o(.data) for .data
    system_stm32f10x.o(.text) refers to system_stm32f10x.o(.data) for .data
    led.o(.text) refers to stm32f10x_rcc.o(.text) for RCC_APB2PeriphClockCmd
    led.o(.text) refers to stm32f10x_gpio.o(.text) for GPIO_Init
    key.o(.text) refers to stm32f10x_rcc.o(.text) for RCC_APB2PeriphClockCmd
    key.o(.text) refers to stm32f10x_gpio.o(.text) for GPIO_PinRemapConfig
    key.o(.text) refers to delay.o(.text) for delay_ms
    key.o(.text) refers to key.o(.data) for .data
    lcd.o(.text) refers to _printf_percent.o(.ARM.Collect$$_printf_percent$$00000000) for _printf_percent
    lcd.o(.text) refers to _printf_x.o(.ARM.Collect$$_printf_percent$$0000000C) for _printf_x
    lcd.o(.text) refers to _printf_hex_int.o(.text) for _printf_longlong_hex
    lcd.o(.text) refers to lcd.o(.bss) for .bss
    lcd.o(.text) refers to dflt_clz.o(x$fpl$dfltu) for __aeabi_ui2d
    lcd.o(.text) refers to dmul.o(x$fpl$dmul) for __aeabi_dmul
    lcd.o(.text) refers to dfixu.o(x$fpl$dfixu) for __aeabi_d2uiz
    lcd.o(.text) refers to lcd.o(.data) for .data
    lcd.o(.text) refers to stm32f10x_rcc.o(.text) for RCC_APB2PeriphClockCmd
    lcd.o(.text) refers to stm32f10x_gpio.o(.text) for GPIO_PinRemapConfig
    lcd.o(.text) refers to delay.o(.text) for delay_ms
    lcd.o(.text) refers to noretval__2printf.o(.text) for __2printf
    lcd.o(.text) refers to lcd.o(.constdata) for .constdata
    timer.o(.text) refers to stm32f10x_rcc.o(.text) for RCC_APB1PeriphClockCmd
    timer.o(.text) refers to stm32f10x_tim.o(.text) for TIM_TimeBaseInit
    timer.o(.text) refers to misc.o(.text) for NVIC_Init
    timer.o(.text) refers to noretval__2printf.o(.text) for __2printf
    exti.o(.text) refers to stm32f10x_rcc.o(.text) for RCC_APB2PeriphClockCmd
    exti.o(.text) refers to key.o(.text) for KEY_Init
    exti.o(.text) refers to stm32f10x_gpio.o(.text) for GPIO_EXTILineConfig
    exti.o(.text) refers to stm32f10x_exti.o(.text) for EXTI_Init
    exti.o(.text) refers to misc.o(.text) for NVIC_Init
    exti.o(.text) refers to delay.o(.text) for delay_xms
    exti.o(.text) refers to tasks.o(.text) for xTaskResumeFromISR
    exti.o(.text) refers to noretval__2printf.o(.text) for __2printf
    exti.o(.text) refers to main.o(.data) for Task2_Handler
    delay.o(.text) refers to tasks.o(.text) for xTaskGetSchedulerState
    delay.o(.text) refers to port.o(.text) for xPortSysTickHandler
    delay.o(.text) refers to misc.o(.text) for SysTick_CLKSourceConfig
    delay.o(.text) refers to system_stm32f10x.o(.data) for SystemCoreClock
    delay.o(.text) refers to delay.o(.data) for .data
    usart.o(.text) refers (Special) to use_no_semi_2.o(.text) for __use_no_semihosting
    usart.o(.text) refers to stm32f10x_rcc.o(.text) for RCC_APB2PeriphClockCmd
    usart.o(.text) refers to stm32f10x_gpio.o(.text) for GPIO_Init
    usart.o(.text) refers to misc.o(.text) for NVIC_Init
    usart.o(.text) refers to stm32f10x_usart.o(.text) for USART_Init
    usart.o(.text) refers to usart.o(.data) for .data
    usart.o(.text) refers to usart.o(.bss) for .bss
    usart.o(.bss) refers (Special) to use_no_semi_2.o(.text) for __use_no_semihosting
    usart.o(.data) refers (Special) to use_no_semi_2.o(.text) for __use_no_semihosting
    usart.o(.data) refers (Special) to use_no_semi_2.o(.text) for __use_no_semihosting
    startup_stm32f10x_hd.o(STACK) refers (Special) to heapauxi.o(.text) for __use_two_region_memory
    startup_stm32f10x_hd.o(HEAP) refers (Special) to heapauxi.o(.text) for __use_two_region_memory
    startup_stm32f10x_hd.o(RESET) refers (Special) to heapauxi.o(.text) for __use_two_region_memory
    startup_stm32f10x_hd.o(RESET) refers to startup_stm32f10x_hd.o(STACK) for __initial_sp
    startup_stm32f10x_hd.o(RESET) refers to startup_stm32f10x_hd.o(.text) for Reset_Handler
[...]
    .text                                    0x08000284   Section        0  main.o(.text)
    .text                                    0x080005c8   Section        0  stm32f10x_it.o(.text)
    .text                                    0x080005d4   Section        0  system_stm32f10x.o(.text)
    SetSysClockTo72                          0x080005d5   Thumb Code   160  system_stm32f10x.o(.text)
    .text                                    0x0800072c   Section        0  led.o(.text)
    .text                                    0x08000780   Section        0  key.o(.text)
    .text                                    0x08000880   Section        0  lcd.o(.text)
    .text                                    0x08003fd0   Section        0  timer.o(.text)
    .text                                    0x080040f8   Section        0  exti.o(.text)
    .text                                    0x080041a4   Section        0  delay.o(.text)
    .text                                    0x0800427c   Section        0  usart.o(.text)
    .text                                    0x08004390   Section       64  startup_stm32f10x_hd.o(.text)
    .text                                    0x080043d0   Section        0  misc.o(.text)
    .text                                    0x08004480   Section        0  stm32f10x_gpio.o(.text)
    .text                                    0x080046e4   Section        0  stm32f10x_rcc.o(.text)
    .text                                    0x0800499c   Section        0  stm32f10x_usart.o(.text)
    .text                                    0x08004cc4   Section        0  stm32f10x_tim.o(.text)
    TI2_Config                               0x08005057   Thumb Code   166  stm32f10x_tim.o(.text)
    TI1_Config                               0x0800510d   Thumb Code    88  stm32f10x_tim.o(.text)
    .text                                    0x080057b4   Section        0  stm32f10x_exti.o(.text)
    .text                                    0x0800589c   Section        0  list.o(.text)
    .text                                    0x08005924   Section        0  queue.o(.text)
    prvCopyDataToQueue                       0x080059f7   Thumb Code   106  queue.o(.text)
    prvNotifyQueueSetContainer               0x08005a61   Thumb Code   108  queue.o(.text)
    prvUnlockQueue                           0x08005acd   Thumb Code   120  queue.o(.text)
    prvCopyDataFromQueue                     0x08005d29   Thumb Code    38  queue.o(.text)
    prvIsQueueEmpty                          0x080063ad   Thumb Code    26  queue.o(.text)
    .text                                    0x080063d0   Section        0  tasks.o(.text)
    prvAddNewTaskToReadyList                 0x080063d1   Thumb Code   192  tasks.o(.text)
    prvAddCurrentTaskToDelayedList           0x080066f1   Thumb Code   102  tasks.o(.text)
    prvTaskIsTaskSuspended                   0x08006a9d   Thumb Code    48  tasks.o(.text)
    prvIdleTask                              0x08006bbf   Thumb Code    30  tasks.o(.text)
    prvListTasksWithinSingleList             0x08006d33   Thumb Code    84  tasks.o(.text)
    prvInitialiseNewTask                     0x080075db   Thumb Code   152  tasks.o(.text)
    prvResetNextTaskUnblockTime              0x08007673   Thumb Code    26  tasks.o(.text)
    prvDeleteTCB                             0x0800768d   Thumb Code    20  tasks.o(.text)
    prvCheckTasksWaitingTermination          0x080076a1   Thumb Code    76  tasks.o(.text)
    .text                                    0x0800771c   Section        0  timers.o(.text)
    prvInsertTimerInActiveList               0x0800771d   Thumb Code    52  timers.o(.text)
    prvProcessReceivedCommands               0x080077b3   Thumb Code   196  timers.o(.text)
    prvTimerTask                             0x08007877   Thumb Code    34  timers.o(.text)
    prvCheckForValidListAndQueue             0x08007899   Thumb Code    62  timers.o(.text)
    prvSampleTimeNow                         0x08007a7b   Thumb Code    36  timers.o(.text)
    prvProcessTimerOrBlockTask               0x08007a9f   Thumb Code   210  timers.o(.text)
    prvSwitchTimerLists                      0x08007b71   Thumb Code   102  timers.o(.text)
    prvProcessExpiredTimer                   0x08007bd7   Thumb Code    88  timers.o(.text)
    .text                                    0x08007c34   Section        0  port.o(.text)
    prvTaskExitError                         0x08007c35   Thumb Code    34  port.o(.text)
    .text                                    0x08007e2c   Section        0  heap_4.o(.text)
    prvInsertBlockIntoFreeList               0x08007e2d   Thumb Code    72  heap_4.o(.text)
    prvHeapInit                              0x08007fbd   Thumb Code    66  heap_4.o(.text)
    .text                                    0x08008040   Section        2  use_no_semi_2.o(.text)
    .text                                    0x08008044   Section        0  noretval__2printf.o(.text)
    .text                                    0x0800805c   Section        0  noretval__2sprintf.o(.text)
    .text                                    0x08008084   Section        0  __printf.o(.text)
    .text                                    0x080080ec   Section        0  _printf_str.o(.text)
    .text                                    0x08008140   Section        0  _printf_dec.o(.text)
    .text                                    0x080081b8   Section        0  _printf_hex_int.o(.text)
    .text                                    0x08008210   Section        0  strcpy.o(.text)
    .text                                    0x08008258   Section        0  strlen.o(.text)
    .text                                    0x08008296   Section      138  rt_memcpy_v6.o(.text)
    .text                                    0x08008320   Section       16  aeabi_memset.o(.text)
    .text                                    0x08008330   Section        0  heapauxi.o(.text)
    .text                                    0x08008336   Section        2  use_no_semi.o(.text)
    .text                                    0x08008338   Section        0  _printf_intcommon.o(.text)
    .text                                    0x080083ec   Section        0  _printf_char_common.o(.text)
    _printf_input_char                       0x080083ed   Thumb Code    10  _printf_char_common.o(.text)
    .text                                    0x0800841c   Section        0  _sputc.o(.text)
    .text                                    0x08008426   Section        0  _printf_char.o(.text)
    .text                                    0x08008454   Section        0  _printf_char_file.o(.text)
    .text                                    0x08008478   Section      100  rt_memcpy_w.o(.text)
    .text                                    0x080084dc   Section       68  rt_memclr.o(.text)
    .text                                    0x08008520   Section        0  ferror.o(.text)
    .text                                    0x08008528   Section       78  rt_memclr_w.o(.text)
    .text                                    0x08008576   Section       74  sys_stackheap_outer.o(.text)
    .text                                    0x080085c0   Section        0  exit.o(.text)
    .text                                    0x080085d4   Section        8  libspace.o(.text)
    x$fpl$dfixu                              0x080085dc   Section       90  dfixu.o(x$fpl$dfixu)
    x$fpl$dfltu                              0x08008636   Section       38  dflt_clz.o(x$fpl$dfltu)
    x$fpl$dmul                               0x0800865c   Section      340  dmul.o(x$fpl$dmul)
    x$fpl$dnaninf                            0x080087b0   Section      156  dnaninf.o(x$fpl$dnaninf)
    x$fpl$dretinf                            0x0800884c   Section       12  dretinf.o(x$fpl$dretinf)
    .constdata                               0x08008858   Section     6080  lcd.o(.constdata)
    x$fpl$usenofp                            0x08008858   Section        0  usenofp.o(x$fpl$usenofp)
    .constdata                               0x0800a018   Section       40  _printf_hex_int.o(.constdata)
    uc_hextab                                0x0800a018   Data          20  _printf_hex_int.o(.constdata)
    lc_hextab                                0x0800a02c   Data          20  _printf_hex_int.o(.constdata)
    .data                                    0x20000000   Section       72  main.o(.data)
    .data                                    0x20000048   Section       20  system_stm32f10x.o(.data)
    .data                                    0x2000005c   Section        1  key.o(.data)
    key_up                                   0x2000005c   Data           1  key.o(.data)
    .data                                    0x2000005e   Section        4  lcd.o(.data)
    .data                                    0x20000062   Section        4  delay.o(.data)
    fac_us                                   0x20000062   Data           1  delay.o(.data)
    fac_ms                                   0x20000064   Data           2  delay.o(.data)
    .data                                    0x20000066   Section        2  usart.o(.data)
    .data                                    0x20000068   Section        4  usart.o(.data)
    .data                                    0x2000006c   Section       20  stm32f10x_rcc.o(.data)
    ADCPrescTable                            0x2000006c   Data           4  stm32f10x_rcc.o(.data)
    APBAHBPrescTable                         0x20000070   Data          16  stm32f10x_rcc.o(.data)
    .data                                    0x20000080   Section       60  tasks.o(.data)
    uxDeletedTasksWaitingCleanUp             0x20000084   Data           4  tasks.o(.data)
    uxCurrentNumberOfTasks                   0x20000088   Data           4  tasks.o(.data)
    xTickCount                               0x2000008c   Data           4  tasks.o(.data)
    uxTopReadyPriority                       0x20000090   Data           4  tasks.o(.data)
    xSchedulerRunning                        0x20000094   Data           4  tasks.o(.data)
    uxPendedTicks                            0x20000098   Data           4  tasks.o(.data)
    xYieldPending                            0x2000009c   Data           4  tasks.o(.data)
    xNumOfOverflows                          0x200000a0   Data           4  tasks.o(.data)
    uxTaskNumber                             0x200000a4   Data           4  tasks.o(.data)
    xNextTaskUnblockTime                     0x200000a8   Data           4  tasks.o(.data)
    xIdleTaskHandle                          0x200000ac   Data           4  tasks.o(.data)
    uxSchedulerSuspended                     0x200000b0   Data           4  tasks.o(.data)
    pxDelayedTaskList                        0x200000b4   Data           4  tasks.o(.data)
    pxOverflowDelayedTaskList                0x200000b8   Data           4  tasks.o(.data)
    .data                                    0x200000bc   Section       20  timers.o(.data)
    xTimerQueue                              0x200000bc   Data           4  timers.o(.data)
    xTimerTaskHandle                         0x200000c0   Data           4  timers.o(.data)
    xLastTime                                0x200000c4   Data           4  timers.o(.data)
    pxCurrentTimerList                       0x200000c8   Data           4  timers.o(.data)
    pxOverflowTimerList                      0x200000cc   Data           4  timers.o(.data)
    .data                                    0x200000d0   Section       12  port.o(.data)
    ucMaxSysCallPriority                     0x200000d0   Data           1  port.o(.data)
    uxCriticalNesting                        0x200000d4   Data           4  port.o(.data)
    ulMaxPRIGROUPValue                       0x200000d8   Data           4  port.o(.data)
    .data                                    0x200000dc   Section       24  heap_4.o(.data)
    pxEnd                                    0x200000dc   Data           4  heap_4.o(.data)
    xFreeBytesRemaining                      0x200000e0   Data           4  heap_4.o(.data)
    xMinimumEverFreeBytesRemaining           0x200000e4   Data           4  heap_4.o(.data)
    xBlockAllocatedBit                       0x200000e8   Data           4  heap_4.o(.data)
    xStart                                   0x200000ec   Data           8  heap_4.o(.data)
    .bss                                     0x200000f4   Section       14  lcd.o(.bss)
    .bss                                     0x20000102   Section      200  usart.o(.bss)
    .bss                                     0x200001cc   Section       64  queue.o(.bss)
    .bss                                     0x2000020c   Section      740  tasks.o(.bss)
    pxReadyTasksLists                        0x2000020c   Data         640  tasks.o(.bss)
    xDelayedTaskList1                        0x2000048c   Data          20  tasks.o(.bss)
    xDelayedTaskList2                        0x200004a0   Data          20  tasks.o(.bss)
    xPendingReadyList                        0x200004b4   Data          20  tasks.o(.bss)
    xTasksWaitingTermination                 0x200004c8   Data          20  tasks.o(.bss)
    xSuspendedTaskList                       0x200004dc   Data          20  tasks.o(.bss)
    .bss                                     0x200004f0   Section       40  timers.o(.bss)
    xActiveTimerList1                        0x200004f0   Data          20  timers.o(.bss)
    xActiveTimerList2                        0x20000504   Data          20  timers.o(.bss)
    .bss                                     0x20000518   Section    20480  heap_4.o(.bss)
    ucHeap                                   0x20000518   Data       20480  heap_4.o(.bss)
    .bss                                     0x20005518   Section       96  libspace.o(.bss)
    HEAP                                     0x20005578   Section      512  startup_stm32f10x_hd.o(HEAP)
    Heap_Mem                                 0x20005578   Data         512  startup_stm32f10x_hd.o(HEAP)
    STACK                                    0x20005778   Section     1024  startup_stm32f10x_hd.o(STACK)
    Stack_Mem                                0x20005778   Data        1024  startup_stm32f10x_hd.o(STACK)
    __initial_sp                             0x20005b78   Data           0  startup_stm32f10x_hd.o(STACK)

    Global Symbols

    Symbol Name                              Value     Ov Type        Size  Object(Section)

    BuildAttributes$$THM_ISAv4$P$D$K$B$S$PE$A:L22UL41UL21$X:L11$S22US41US21$IEEE1$IW$USESV6$~STKCKD$USESV7$~SHL$OSPACE$ROPI$EBA8$UX$STANDARDLIB$REQ8$PRES8$EABIv2 0x00000000   Number         0  anon$$obj.o ABSOLUTE
    __ARM_use_no_argv                        0x00000000   Number         0  main.o ABSOLUTE
    __ARM_exceptions_init                     - Undefined Weak Reference
    __alloca_initialize                       - Undefined Weak Reference
    __arm_preinit_                            - Undefined Weak Reference
    __cpp_initialize__aeabi_                  - Undefined Weak Reference
    __cxa_finalize                            - Undefined Weak Reference
    __rt_locale                               - Undefined Weak Reference
    __sigvec_lookup                           - Undefined Weak Reference
    _atexit_init                              - Undefined Weak Reference
    _call_atexit_fns                          - Undefined Weak Reference
    _clock_init                               - Undefined Weak Reference
    _fp_trap_init                             - Undefined Weak Reference
    _fp_trap_shutdown                         - Undefined Weak Reference
    _get_lc_collate                           - Undefined Weak Reference
    _get_lc_ctype                             - Undefined Weak Reference
    _get_lc_monetary                          - Undefined Weak Reference
    _get_lc_numeric                           - Undefined Weak Reference
    _get_lc_time                              - Undefined Weak Reference
    _getenv_init                              - Undefined Weak Reference
    _handle_redirection                       - Undefined Weak Reference
    _init_alloc                               - Undefined Weak Reference
    _init_user_alloc                          - Undefined Weak Reference
    _initio                                   - Undefined Weak Reference
    _mutex_acquire                            - Undefined Weak Reference
    _mutex_release                            - Undefined Weak Reference
    _printf_mbtowc                            - Undefined Weak Reference
    _printf_post_padding                      - Undefined Weak Reference
    _printf_pre_padding                       - Undefined Weak Reference
    _printf_truncate_signed                   - Undefined Weak Reference
    _printf_truncate_unsigned                 - Undefined Weak Reference
    _rand_init                                - Undefined Weak Reference
    _signal_finish                            - Undefined Weak Reference
    _signal_init                              - Undefined Weak Reference
    _terminate_alloc                          - Undefined Weak Reference
    _terminate_user_alloc                     - Undefined Weak Reference
    _terminateio                              - Undefined Weak Reference
    __Vectors_Size                           0x00000130   Number         0  startup_stm32f10x_hd.o ABSOLUTE
    __Vectors                                0x08000000   Data           4  startup_stm32f10x_hd.o(RESET)
    __Vectors_End                            0x08000130   Data           0  startup_stm32f10x_hd.o(RESET)
    __main                                   0x08000131   Thumb Code     8  __main.o(!!!main)
    __scatterload                            0x08000139   Thumb Code     0  __scatter.o(!!!scatter)
    __scatterload_rt2                        0x08000139   Thumb Code    44  __scatter.o(!!!scatter)
    __scatterload_rt2_thumb_only             0x08000139   Thumb Code     0  __scatter.o(!!!scatter)
    __scatterload_null                       0x08000147   Thumb Code     0  __scatter.o(!!!scatter)
    __scatterload_copy                       0x0800016d   Thumb Code    26  __scatter_copy.o(!!handler_copy)
    __scatterload_zeroinit                   0x08000189   Thumb Code    28  __scatter_zi.o(!!handler_zi)
    _printf_d                                0x080001a5   Thumb Code     0  _printf_d.o(.ARM.Collect$$_printf_percent$$00000009)
    _printf_percent                          0x080001a5   Thumb Code     0  _printf_percent.o(.ARM.Collect$$_printf_percent$$00000000)
    _printf_u                                0x080001ab   Thumb Code     0  _printf_u.o(.ARM.Collect$$_printf_percent$$0000000A)
    _printf_x                                0x080001b1   Thumb Code     0  _printf_x.o(.ARM.Collect$$_printf_percent$$0000000C)
    _printf_c                                0x080001b7   Thumb Code     0  _printf_c.o(.ARM.Collect$$_printf_percent$$00000013)
    _printf_s                                0x080001bd   Thumb Code     0  _printf_s.o(.ARM.Collect$$_printf_percent$$00000014)
    _printf_percent_end                      0x080001c3   Thumb Code     0  _printf_percent_end.o(.ARM.Collect$$_printf_percent$$00000017)
    __rt_lib_init                            0x080001c7   Thumb Code     0  libinit.o(.ARM.Collect$$libinit$$00000000)
    __rt_lib_init_alloca_1                   0x080001c9   Thumb Code     0  libinit2.o(.ARM.Collect$$libinit$$0000002E)
    __rt_lib_init_argv_1                     0x080001c9   Thumb Code     0  libinit2.o(.ARM.Collect$$libinit$$0000002C)
    __rt_lib_init_atexit_1                   0x080001c9   Thumb Code     0  libinit2.o(.ARM.Collect$$libinit$$0000001B)
    __rt_lib_init_clock_1                    0x080001c9   Thumb Code     0  libinit2.o(.ARM.Collect$$libinit$$00000021)
    __rt_lib_init_cpp_1                      0x080001c9   Thumb Code     0  libinit2.o(.ARM.Collect$$libinit$$00000032)
    __rt_lib_init_exceptions_1               0x080001c9   Thumb Code     0  libinit2.o(.ARM.Collect$$libinit$$00000030)
    __rt_lib_init_fp_1                       0x080001c9   Thumb Code     0  libinit2.o(.ARM.Collect$$libinit$$00000002)
    __rt_lib_init_fp_trap_1                  0x080001c9   Thumb Code     0  libinit2.o(.ARM.Collect$$libinit$$0000001F)
    __rt_lib_init_getenv_1                   0x080001c9   Thumb Code     0  libinit2.o(.ARM.Collect$$libinit$$00000023)
    __rt_lib_init_heap_1                     0x080001c9   Thumb Code     0  libinit2.o(.ARM.Collect$$libinit$$0000000A)
    __rt_lib_init_lc_collate_1               0x080001c9   Thumb Code     0  libinit2.o(.ARM.Collect$$libinit$$00000011)
    __rt_lib_init_lc_ctype_1                 0x080001c9   Thumb Code     0  libinit2.o(.ARM.Collect$$libinit$$00000013)
    __rt_lib_init_lc_monetary_1              0x080001c9   Thumb Code     0  libinit2.o(.ARM.Collect$$libinit$$00000015)
    __rt_lib_init_lc_numeric_1               0x080001c9   Thumb Code     0  libinit2.o(.ARM.Collect$$libinit$$00000017)
    __rt_lib_init_lc_time_1                  0x080001c9   Thumb Code     0  libinit2.o(.ARM.Collect$$libinit$$00000019)
    __rt_lib_init_preinit_1                  0x080001c9   Thumb Code     0  libinit2.o(.ARM.Collect$$libinit$$00000004)
    __rt_lib_init_rand_1                     0x080001c9   Thumb Code     0  libinit2.o(.ARM.Collect$$libinit$$0000000E)
    __rt_lib_init_return                     0x080001c9   Thumb Code     0  libinit2.o(.ARM.Collect$$libinit$$00000033)
    __rt_lib_init_signal_1                   0x080001c9   Thumb Code     0  libinit2.o(.ARM.Collect$$libinit$$0000001D)
    __rt_lib_init_stdio_1                    0x080001c9   Thumb Code     0  libinit2.o(.ARM.Collect$$libinit$$00000025)
    __rt_lib_init_user_alloc_1               0x080001c9   Thumb Code     0  libinit2.o(.ARM.Collect$$libinit$$0000000C)
    __rt_lib_shutdown                        0x080001cb   Thumb Code     0  libshutdown.o(.ARM.Collect$$libshutdown$$00000000)
    __rt_lib_shutdown_cpp_1                  0x080001cd   Thumb Code     0  libshutdown2.o(.ARM.Collect$$libshutdown$$00000002)
    __rt_lib_shutdown_fp_trap_1              0x080001cd   Thumb Code     0  libshutdown2.o(.ARM.Collect$$libshutdown$$00000007)
    __rt_lib_shutdown_heap_1                 0x080001cd   Thumb Code     0  libshutdown2.o(.ARM.Collect$$libshutdown$$0000000F)
    __rt_lib_shutdown_return                 0x080001cd   Thumb Code     0  libshutdown2.o(.ARM.Collect$$libshutdown$$00000010)
    __rt_lib_shutdown_signal_1               0x080001cd   Thumb Code     0  libshutdown2.o(.ARM.Collect$$libshutdown$$0000000A)
    __rt_lib_shutdown_stdio_1                0x080001cd   Thumb Code     0  libshutdown2.o(.ARM.Collect$$libshutdown$$00000004)
    __rt_lib_shutdown_user_alloc_1           0x080001cd   Thumb Code     0  libshutdown2.o(.ARM.Collect$$libshutdown$$0000000C)
    __rt_entry                               0x080001cf   Thumb Code     0  __rtentry.o(.ARM.Collect$$rtentry$$00000000)
    __rt_entry_presh_1                       0x080001cf   Thumb Code     0  __rtentry2.o(.ARM.Collect$$rtentry$$00000002)
    __rt_entry_sh                            0x080001cf   Thumb Code     0  __rtentry4.o(.ARM.Collect$$rtentry$$00000004)
    __rt_entry_li                            0x080001d5   Thumb Code     0  __rtentry2.o(.ARM.Collect$$rtentry$$0000000A)
    __rt_entry_postsh_1                      0x080001d5   Thumb Code     0  __rtentry2.o(.ARM.Collect$$rtentry$$00000009)
    __rt_entry_main                          0x080001d9   Thumb Code     0  __rtentry2.o(.ARM.Collect$$rtentry$$0000000D)
    __rt_entry_postli_1                      0x080001d9   Thumb Code     0  __rtentry2.o(.ARM.Collect$$rtentry$$0000000C)
    __rt_exit                                0x080001e1   Thumb Code     0  rtexit.o(.ARM.Collect$$rtexit$$00000000)
    __rt_exit_ls                             0x080001e3   Thumb Code     0  rtexit2.o(.ARM.Collect$$rtexit$$00000003)
    __rt_exit_prels_1                        0x080001e3   Thumb Code     0  rtexit2.o(.ARM.Collect$$rtexit$$00000002)
    __rt_exit_exit                           0x080001e7   Thumb Code     0  rtexit2.o(.ARM.Collect$$rtexit$$00000004)
    SVC_Handler                              0x080001ed   Thumb Code    32  port.o(.emb_text)
    __asm___6_port_c_39a90d8d__prvStartFirstTask 0x08000211   Thumb Code    28  port.o(.emb_text)
    PendSV_Handler                           0x08000231   Thumb Code    72  port.o(.emb_text)
    vPortGetIPSR                             0x0800027d   Thumb Code     6  port.o(.emb_text)
    task2_task                               0x08000285   Thumb Code   162  main.o(.text)
    task1_task                               0x08000327   Thumb Code   158  main.o(.text)
    key_task                                 0x080003c5   Thumb Code   106  main.o(.text)
    start_task                               0x0800042f   Thumb Code    96  main.o(.text)
    main                                     0x0800048f   Thumb Code    78  main.o(.text)
    NMI_Handler                              0x080005c9   Thumb Code     2  stm32f10x_it.o(.text)
    HardFault_Handler                        0x080005cb   Thumb Code     2  stm32f10x_it.o(.text)
    MemManage_Handler                        0x080005cd   Thumb Code     2  stm32f10x_it.o(.text)
    BusFault_Handler                         0x080005cf   Thumb Code     2  stm32f10x_it.o(.text)
    UsageFault_Handler                       0x080005d1   Thumb Code     2  stm32f10x_it.o(.text)
    DebugMon_Handler                         0x080005d3   Thumb Code     2  stm32f10x_it.o(.text)
    SystemInit                               0x08000675   Thumb Code    64  system_stm32f10x.o(.text)
    SystemCoreClockUpdate                    0x080006b5   Thumb Code    86  system_stm32f10x.o(.text)
    LED_Init                                 0x0800072d   Thumb Code    74  led.o(.text)
    KEY_Init                                 0x08000781   Thumb Code    82  key.o(.text)
    KEY_Scan                                 0x080007d3   Thumb Code   158  key.o(.text)
    LCD_WR_REG                               0x08000881   Thumb Code    26  lcd.o(.text)
    LCD_WR_DATAX                             0x0800089b   Thumb Code    26  lcd.o(.text)
    opt_delay                                0x080008b5   Thumb Code     8  lcd.o(.text)
    LCD_RD_DATA                              0x080008bd   Thumb Code    72  lcd.o(.text)
    LCD_WriteReg                             0x08000905   Thumb Code    34  lcd.o(.text)
    LCD_ReadReg                              0x08000927   Thumb Code    12  lcd.o(.text)
    LCD_WriteRAM_Prepare                     0x08000933   Thumb Code     6  lcd.o(.text)
    LCD_WriteRAM                             0x08000939   Thumb Code    26  lcd.o(.text)
    LCD_BGR2RGB                              0x08000953   Thumb Code    18  lcd.o(.text)
    LCD_SetCursor                            0x08000965   Thumb Code   568  lcd.o(.text)
    LCD_ReadPoint                            0x08000b9d   Thumb Code    96  lcd.o(.text)
    LCD_DisplayOn                            0x08000bfd   Thumb Code    22  lcd.o(.text)
    LCD_DisplayOff                           0x08000c13   Thumb Code    22  lcd.o(.text)
    LCD_Scan_Dir                             0x08000c29   Thumb Code   646  lcd.o(.text)
    LCD_DrawPoint                            0x08000eaf   Thumb Code    40  lcd.o(.text)
    LCD_Fast_DrawPoint                       0x08000ed7   Thumb Code   474  lcd.o(.text)
    LCD_SSD_BackLightSet                     0x080010b1   Thumb Code   164  lcd.o(.text)
    LCD_Display_Dir                          0x08001155   Thumb Code   178  lcd.o(.text)
    LCD_Set_Window                           0x08001207   Thumb Code   626  lcd.o(.text)
    LCD_Clear                                0x08001479   Thumb Code    60  lcd.o(.text)
    LCD_Init                                 0x080014b5   Thumb Code  9898  lcd.o(.text)
    LCD_Fill                                 0x08003b5f   Thumb Code    92  lcd.o(.text)
    LCD_Color_Fill                           0x08003bbb   Thumb Code   108  lcd.o(.text)
    LCD_DrawLine                             0x08003c27   Thumb Code   164  lcd.o(.text)
    LCD_DrawRectangle                        0x08003ccb   Thumb Code    54  lcd.o(.text)
    LCD_Draw_Circle                          0x08003d01   Thumb Code   176  lcd.o(.text)
    LCD_ShowChar                             0x08003db1   Thumb Code   180  lcd.o(.text)
    LCD_Pow                                  0x08003e65   Thumb Code    16  lcd.o(.text)
    LCD_ShowNum                              0x08003e75   Thumb Code   116  lcd.o(.text)
    LCD_ShowxNum                             0x08003ee9   Thumb Code   130  lcd.o(.text)
    LCD_ShowString                           0x08003f6b   Thumb Code    82  lcd.o(.text)
    TIM3_Int_Init                            0x08003fd1   Thumb Code    90  timer.o(.text)
    TIM5_Int_Init                            0x0800402b   Thumb Code    90  timer.o(.text)
    TIM3_IRQHandler                          0x08004085   Thumb Code    34  timer.o(.text)
    TIM5_IRQHandler                          0x080040a7   Thumb Code    34  timer.o(.text)
    EXTIX_Init                               0x080040f9   Thumb Code    78  exti.o(.text)
    EXTI9_5_IRQHandler                       0x08004147   Thumb Code    62  exti.o(.text)
    SysTick_Handler                          0x080041a5   Thumb Code    20  delay.o(.text)
    delay_init                               0x080041b9   Thumb Code    60  delay.o(.text)
    delay_us                                 0x080041f5   Thumb Code    48  delay.o(.text)
    delay_ms                                 0x08004225   Thumb Code    50  delay.o(.text)
    delay_xms                                0x08004257   Thumb Code    26  delay.o(.text)
    _sys_exit                                0x0800427d   Thumb Code     2  usart.o(.text)
    fputc                                    0x0800427f   Thumb Code    18  usart.o(.text)
    uart_init                                0x08004291   Thumb Code   152  usart.o(.text)
    USART1_IRQHandler                        0x08004329   Thumb Code    88  usart.o(.text)
    Reset_Handler                            0x08004391   Thumb Code     8  startup_stm32f10x_hd.o(.text)
    ADC1_2_IRQHandler                        0x080043ab   Thumb Code     0  startup_stm32f10x_hd.o(.text)
    ADC3_IRQHandler                          0x080043ab   Thumb Code     0  startup_stm32f10x_hd.o(.text)
    CAN1_RX1_IRQHandler                      0x080043ab   Thumb Code     0  startup_stm32f10x_hd.o(.text)
    CAN1_SCE_IRQHandler                      0x080043ab   Thumb Code     0  startup_stm32f10x_hd.o(.text)
    DMA1_Channel1_IRQHandler                 0x080043ab   Thumb Code     0  startup_stm32f10x_hd.o(.text)
    DMA1_Channel2_IRQHandler                 0x080043ab   Thumb Code     0  startup_stm32f10x_hd.o(.text)
    DMA1_Channel3_IRQHandler                 0x080043ab   Thumb Code     0  startup_stm32f10x_hd.o(.text)
    DMA1_Channel4_IRQHandler                 0x080043ab   Thumb Code     0  startup_stm32f10x_hd.o(.text)
    DMA1_Channel5_IRQHandler                 0x080043ab   Thumb Code     0  startup_stm32f10x_hd.o(.text)
    DMA1_Channel6_IRQHandler                 0x080043ab   Thumb Code     0  startup_stm32f10x_hd.o(.text)
    DMA1_Channel7_IRQHandler                 0x080043ab   Thumb Code     0  startup_stm32f10x_hd.o(.text)
    DMA2_Channel1_IRQHandler                 0x080043ab   Thumb Code     0  startup_stm32f10x_hd.o(.text)
    DMA2_Channel2_IRQHandler                 0x080043ab   Thumb Code     0  startup_stm32f10x_hd.o(.text)
    DMA2_Channel3_IRQHandler                 0x080043ab   Thumb Code     0  startup_stm32f10x_hd.o(.text)
    DMA2_Channel4_5_IRQHandler               0x080043ab   Thumb Code     0  startup_stm32f10x_hd.o(.text)
    EXTI0_IRQHandler                         0x080043ab   Thumb Code     0  startup_stm32f10x_hd.o(.text)
    EXTI15_10_IRQHandler                     0x080043ab   Thumb Code     0  startup_stm32f10x_hd.o(.text)
    EXTI1_IRQHandler                         0x080043ab   Thumb Code     0  startup_stm32f10x_hd.o(.text)
    EXTI2_IRQHandler                         0x080043ab   Thumb Code     0  startup_stm32f10x_hd.o(.text)
    EXTI3_IRQHandler                         0x080043ab   Thumb Code     0  startup_stm32f10x_hd.o(.text)
    EXTI4_IRQHandler                         0x080043ab   Thumb Code     0  startup_stm32f10x_hd.o(.text)
    FLASH_IRQHandler                         0x080043ab   Thumb Code     0  startup_stm32f10x_hd.o(.text)
    FSMC_IRQHandler                          0x080043ab   Thumb Code     0  startup_stm32f10x_hd.o(.text)
    I2C1_ER_IRQHandler                       0x080043ab   Thumb Code     0  startup_stm32f10x_hd.o(.text)
    I2C1_EV_IRQHandler                       0x080043ab   Thumb Code     0  startup_stm32f10x_hd.o(.text)
    I2C2_ER_IRQHandler                       0x080043ab   Thumb Code     0  startup_stm32f10x_hd.o(.text)
    I2C2_EV_IRQHandler                       0x080043ab   Thumb Code     0  startup_stm32f10x_hd.o(.text)
    PVD_IRQHandler                           0x080043ab   Thumb Code     0  startup_stm32f10x_hd.o(.text)
    RCC_IRQHandler                           0x080043ab   Thumb Code     0  startup_stm32f10x_hd.o(.text)
    RTCAlarm_IRQHandler                      0x080043ab   Thumb Code     0  startup_stm32f10x_hd.o(.text)
    RTC_IRQHandler                           0x080043ab   Thumb Code     0  startup_stm32f10x_hd.o(.text)
    SDIO_IRQHandler                          0x080043ab   Thumb Code     0  startup_stm32f10x_hd.o(.text)
    SPI1_IRQHandler                          0x080043ab   Thumb Code     0  startup_stm32f10x_hd.o(.text)
    SPI2_IRQHandler                          0x080043ab   Thumb Code     0  startup_stm32f10x_hd.o(.text)
    SPI3_IRQHandler                          0x080043ab   Thumb Code     0  startup_stm32f10x_hd.o(.text)
    TAMPER_IRQHandler                        0x080043ab   Thumb Code     0  startup_stm32f10x_hd.o(.text)
    TIM1_BRK_IRQHandler                      0x080043ab   Thumb Code     0  startup_stm32f10x_hd.o(.text)
    TIM1_CC_IRQHandler                       0x080043ab   Thumb Code     0  startup_stm32f10x_hd.o(.text)
    TIM1_TRG_COM_IRQHandler                  0x080043ab   Thumb Code     0  startup_stm32f10x_hd.o(.text)
    TIM1_UP_IRQHandler                       0x080043ab   Thumb Code     0  startup_stm32f10x_hd.o(.text)
    TIM2_IRQHandler                          0x080043ab   Thumb Code     0  startup_stm32f10x_hd.o(.text)
    TIM4_IRQHandler                          0x080043ab   Thumb Code     0  startup_stm32f10x_hd.o(.text)
    TIM6_IRQHandler                          0x080043ab   Thumb Code     0  startup_stm32f10x_hd.o(.text)
    TIM7_IRQHandler                          0x080043ab   Thumb Code     0  startup_stm32f10x_hd.o(.text)
    TIM8_BRK_IRQHandler                      0x080043ab   Thumb Code     0  startup_stm32f10x_hd.o(.text)
    TIM8_CC_IRQHandler                       0x080043ab   Thumb Code     0  startup_stm32f10x_hd.o(.text)
    TIM8_TRG_COM_IRQHandler                  0x080043ab   Thumb Code     0  startup_stm32f10x_hd.o(.text)
    TIM8_UP_IRQHandler                       0x080043ab   Thumb Code     0  startup_stm32f10x_hd.o(.text)
    UART4_IRQHandler                         0x080043ab   Thumb Code     0  startup_stm32f10x_hd.o(.text)
    UART5_IRQHandler                         0x080043ab   Thumb Code     0  startup_stm32f10x_hd.o(.text)
    USART2_IRQHandler                        0x080043ab   Thumb Code     0  startup_stm32f10x_hd.o(.text)
    USART3_IRQHandler                        0x080043ab   Thumb Code     0  startup_stm32f10x_hd.o(.text)
    USBWakeUp_IRQHandler                     0x080043ab   Thumb Code     0  startup_stm32f10x_hd.o(.text)
    USB_HP_CAN1_TX_IRQHandler                0x080043ab   Thumb Code     0  startup_stm32f10x_hd.o(.text)
    USB_LP_CAN1_RX0_IRQHandler               0x080043ab   Thumb Code     0  startup_stm32f10x_hd.o(.text)
    WWDG_IRQHandler                          0x080043ab   Thumb Code     0  startup_stm32f10x_hd.o(.text)
    __user_initial_stackheap                 0x080043ad   Thumb Code     0  startup_stm32f10x_hd.o(.text)
    NVIC_PriorityGroupConfig                 0x080043d1   Thumb Code    10  misc.o(.text)
    NVIC_Init                                0x080043db   Thumb Code    94  misc.o(.text)
    NVIC_SetVectorTable                      0x08004439   Thumb Code    14  misc.o(.text)
    NVIC_SystemLPConfig                      0x08004447   Thumb Code    20  misc.o(.text)
    SysTick_CLKSourceConfig                  0x0800445b   Thumb Code    24  misc.o(.text)
    GPIO_DeInit                              0x08004481   Thumb Code   152  stm32f10x_gpio.o(.text)
    GPIO_AFIODeInit                          0x08004519   Thumb Code    22  stm32f10x_gpio.o(.text)
    GPIO_Init                                0x0800452f   Thumb Code   156  stm32f10x_gpio.o(.text)
    GPIO_StructInit                          0x080045cb   Thumb Code    16  stm32f10x_gpio.o(.text)
    GPIO_ReadInputDataBit                    0x080045db   Thumb Code    14  stm32f10x_gpio.o(.text)
    GPIO_ReadInputData                       0x080045e9   Thumb Code     6  stm32f10x_gpio.o(.text)
    GPIO_ReadOutputDataBit                   0x080045ef   Thumb Code    14  stm32f10x_gpio.o(.text)
    GPIO_ReadOutputData                      0x080045fd   Thumb Code     6  stm32f10x_gpio.o(.text)
    GPIO_SetBits                             0x08004603   Thumb Code     4  stm32f10x_gpio.o(.text)
    GPIO_ResetBits                           0x08004607   Thumb Code     4  stm32f10x_gpio.o(.text)
    GPIO_WriteBit                            0x0800460b   Thumb Code    10  stm32f10x_gpio.o(.text)
    GPIO_Write                               0x08004615   Thumb Code     4  stm32f10x_gpio.o(.text)
    GPIO_PinLockConfig                       0x08004619   Thumb Code    16  stm32f10x_gpio.o(.text)
    GPIO_EventOutputConfig                   0x08004629   Thumb Code    22  stm32f10x_gpio.o(.text)
    GPIO_EventOutputCmd                      0x0800463f   Thumb Code     6  stm32f10x_gpio.o(.text)
    GPIO_PinRemapConfig                      0x08004645   Thumb Code    82  stm32f10x_gpio.o(.text)
    GPIO_EXTILineConfig                      0x08004697   Thumb Code    34  stm32f10x_gpio.o(.text)
    GPIO_ETH_MediaInterfaceConfig            0x080046b9   Thumb Code     8  stm32f10x_gpio.o(.text)
    RCC_DeInit                               0x080046e5   Thumb Code    50  stm32f10x_rcc.o(.text)
    RCC_HSEConfig                            0x08004717   Thumb Code    48  stm32f10x_rcc.o(.text)
    RCC_GetFlagStatus                        0x08004747   Thumb Code    42  stm32f10x_rcc.o(.text)
    RCC_WaitForHSEStartUp                    0x08004771   Thumb Code    44  stm32f10x_rcc.o(.text)
    RCC_AdjustHSICalibrationValue            0x0800479d   Thumb Code    16  stm32f10x_rcc.o(.text)
    RCC_HSICmd                               0x080047ad   Thumb Code     6  stm32f10x_rcc.o(.text)
    RCC_PLLConfig                            0x080047b3   Thumb Code    16  stm32f10x_rcc.o(.text)
    RCC_PLLCmd                               0x080047c3   Thumb Code     6  stm32f10x_rcc.o(.text)
    RCC_SYSCLKConfig                         0x080047c9   Thumb Code    14  stm32f10x_rcc.o(.text)
    RCC_GetSYSCLKSource                      0x080047d7   Thumb Code    10  stm32f10x_rcc.o(.text)
    RCC_HCLKConfig                           0x080047e1   Thumb Code    14  stm32f10x_rcc.o(.text)
    RCC_PCLK1Config                          0x080047ef   Thumb Code    14  stm32f10x_rcc.o(.text)
    RCC_PCLK2Config                          0x080047fd   Thumb Code    16  stm32f10x_rcc.o(.text)
    RCC_ITConfig                             0x0800480d   Thumb Code    18  stm32f10x_rcc.o(.text)
    RCC_USBCLKConfig                         0x0800481f   Thumb Code     8  stm32f10x_rcc.o(.text)
    RCC_ADCCLKConfig                         0x08004827   Thumb Code    14  stm32f10x_rcc.o(.text)
    RCC_LSEConfig                            0x08004835   Thumb Code    28  stm32f10x_rcc.o(.text)
    RCC_LSICmd                               0x08004851   Thumb Code     6  stm32f10x_rcc.o(.text)
    RCC_RTCCLKConfig                         0x08004857   Thumb Code    10  stm32f10x_rcc.o(.text)
    RCC_RTCCLKCmd                            0x08004861   Thumb Code     8  stm32f10x_rcc.o(.text)
    RCC_GetClocksFreq                        0x08004869   Thumb Code   132  stm32f10x_rcc.o(.text)
    RCC_AHBPeriphClockCmd                    0x080048ed   Thumb Code    18  stm32f10x_rcc.o(.text)
    RCC_APB2PeriphClockCmd                   0x080048ff   Thumb Code    18  stm32f10x_rcc.o(.text)
    RCC_APB1PeriphClockCmd                   0x08004911   Thumb Code    18  stm32f10x_rcc.o(.text)
    RCC_APB2PeriphResetCmd                   0x08004923   Thumb Code    18  stm32f10x_rcc.o(.text)
    RCC_APB1PeriphResetCmd                   0x08004935   Thumb Code    18  stm32f10x_rcc.o(.text)
    RCC_BackupResetCmd                       0x08004947   Thumb Code     8  stm32f10x_rcc.o(.text)
    RCC_ClockSecuritySystemCmd               0x0800494f   Thumb Code     6  stm32f10x_rcc.o(.text)
    RCC_MCOConfig                            0x08004955   Thumb Code     6  stm32f10x_rcc.o(.text)
    RCC_ClearFlag                            0x0800495b   Thumb Code    12  stm32f10x_rcc.o(.text)
    RCC_GetITStatus                          0x08004967   Thumb Code    16  stm32f10x_rcc.o(.text)
    RCC_ClearITPendingBit                    0x08004977   Thumb Code     6  stm32f10x_rcc.o(.text)
    USART_DeInit                             0x0800499d   Thumb Code    96  stm32f10x_usart.o(.text)
    USART_Init                               0x080049fd   Thumb Code   166  stm32f10x_usart.o(.text)
    USART_StructInit                         0x08004aa3   Thumb Code    22  stm32f10x_usart.o(.text)
    USART_ClockInit                          0x08004ab9   Thumb Code    30  stm32f10x_usart.o(.text)
    USART_ClockStructInit                    0x08004ad7   Thumb Code    12  stm32f10x_usart.o(.text)
    USART_Cmd                                0x08004ae3   Thumb Code    20  stm32f10x_usart.o(.text)
    USART_ITConfig                           0x08004af7   Thumb Code    48  stm32f10x_usart.o(.text)
    USART_DMACmd                             0x08004b27   Thumb Code    16  stm32f10x_usart.o(.text)
    USART_SetAddress                         0x08004b37   Thumb Code    16  stm32f10x_usart.o(.text)
    USART_WakeUpConfig                       0x08004b47   Thumb Code    16  stm32f10x_usart.o(.text)
    USART_ReceiverWakeUpCmd                  0x08004b57   Thumb Code    20  stm32f10x_usart.o(.text)
    USART_LINBreakDetectLengthConfig         0x08004b6b   Thumb Code    16  stm32f10x_usart.o(.text)
    USART_LINCmd                             0x08004b7b   Thumb Code    20  stm32f10x_usart.o(.text)
    USART_SendData                           0x08004b8f   Thumb Code     8  stm32f10x_usart.o(.text)
    USART_ReceiveData                        0x08004b97   Thumb Code     8  stm32f10x_usart.o(.text)
    USART_SendBreak                          0x08004b9f   Thumb Code    10  stm32f10x_usart.o(.text)
    USART_SetGuardTime                       0x08004ba9   Thumb Code    16  stm32f10x_usart.o(.text)
    USART_SetPrescaler                       0x08004bb9   Thumb Code    16  stm32f10x_usart.o(.text)
    USART_SmartCardCmd                       0x08004bc9   Thumb Code    20  stm32f10x_usart.o(.text)
    USART_SmartCardNACKCmd                   0x08004bdd   Thumb Code    20  stm32f10x_usart.o(.text)
    USART_HalfDuplexCmd                      0x08004bf1   Thumb Code    20  stm32f10x_usart.o(.text)
    USART_OverSampling8Cmd                   0x08004c05   Thumb Code    20  stm32f10x_usart.o(.text)
    USART_OneBitMethodCmd                    0x08004c19   Thumb Code    20  stm32f10x_usart.o(.text)
    USART_IrDAConfig                         0x08004c2d   Thumb Code    16  stm32f10x_usart.o(.text)
    USART_IrDACmd                            0x08004c3d   Thumb Code    20  stm32f10x_usart.o(.text)
    USART_GetFlagStatus                      0x08004c51   Thumb Code    14  stm32f10x_usart.o(.text)
    USART_ClearFlag                          0x08004c5f   Thumb Code     6  stm32f10x_usart.o(.text)
    USART_GetITStatus                        0x08004c65   Thumb Code    62  stm32f10x_usart.o(.text)
    USART_ClearITPendingBit                  0x08004ca3   Thumb Code    12  stm32f10x_usart.o(.text)
    TIM_DeInit                               0x08004cc5   Thumb Code   304  stm32f10x_tim.o(.text)
    TIM_TimeBaseInit                         0x08004df5   Thumb Code   114  stm32f10x_tim.o(.text)
    TIM_OC1Init                              0x08004e67   Thumb Code   106  stm32f10x_tim.o(.text)
    TIM_OC2Init                              0x08004ed1   Thumb Code   120  stm32f10x_tim.o(.text)
    TIM_OC3Init                              0x08004f49   Thumb Code   116  stm32f10x_tim.o(.text)
    TIM_OC4Init                              0x08004fbd   Thumb Code    90  stm32f10x_tim.o(.text)
    TIM_SetIC4Prescaler                      0x08005017   Thumb Code    24  stm32f10x_tim.o(.text)
    TIM_SetIC3Prescaler                      0x0800502f   Thumb Code    16  stm32f10x_tim.o(.text)
    TIM_SetIC2Prescaler                      0x0800503f   Thumb Code    24  stm32f10x_tim.o(.text)
    TIM_SetIC1Prescaler                      0x080050fd   Thumb Code    16  stm32f10x_tim.o(.text)
    TIM_ICInit                               0x08005165   Thumb Code   270  stm32f10x_tim.o(.text)
    TIM_PWMIConfig                           0x08005273   Thumb Code   104  stm32f10x_tim.o(.text)
    TIM_BDTRConfig                           0x080052db   Thumb Code    34  stm32f10x_tim.o(.text)
    TIM_TimeBaseStructInit                   0x080052fd   Thumb Code    18  stm32f10x_tim.o(.text)
    TIM_OCStructInit                         0x0800530f   Thumb Code    20  stm32f10x_tim.o(.text)
    TIM_ICStructInit                         0x08005323   Thumb Code    16  stm32f10x_tim.o(.text)
    TIM_BDTRStructInit                       0x08005333   Thumb Code    18  stm32f10x_tim.o(.text)
    TIM_Cmd                                  0x08005345   Thumb Code    20  stm32f10x_tim.o(.text)
    TIM_CtrlPWMOutputs                       0x08005359   Thumb Code    22  stm32f10x_tim.o(.text)
    TIM_ITConfig                             0x0800536f   Thumb Code    16  stm32f10x_tim.o(.text)
    TIM_GenerateEvent                        0x0800537f   Thumb Code     4  stm32f10x_tim.o(.text)
    TIM_DMAConfig                            0x08005383   Thumb Code     8  stm32f10x_tim.o(.text)
    TIM_DMACmd                               0x0800538b   Thumb Code    16  stm32f10x_tim.o(.text)
    TIM_InternalClockConfig                  0x0800539b   Thumb Code    10  stm32f10x_tim.o(.text)
    TIM_SelectInputTrigger                   0x080053a5   Thumb Code    12  stm32f10x_tim.o(.text)
    TIM_ITRxExternalClockConfig              0x080053b1   Thumb Code    18  stm32f10x_tim.o(.text)
    TIM_TIxExternalClockConfig               0x080053c3   Thumb Code    46  stm32f10x_tim.o(.text)
    TIM_ETRConfig                            0x080053f1   Thumb Code    24  stm32f10x_tim.o(.text)
    TIM_ETRClockMode1Config                  0x08005409   Thumb Code    18  stm32f10x_tim.o(.text)
    TIM_ETRClockMode2Config                  0x0800541b   Thumb Code    18  stm32f10x_tim.o(.text)
    TIM_PrescalerConfig                      0x0800542d   Thumb Code     6  stm32f10x_tim.o(.text)
    TIM_CounterModeConfig                    0x08005433   Thumb Code    12  stm32f10x_tim.o(.text)
    TIM_EncoderInterfaceConfig               0x0800543f   Thumb Code    50  stm32f10x_tim.o(.text)
    TIM_ForcedOC1Config                      0x08005471   Thumb Code    12  stm32f10x_tim.o(.text)
    TIM_ForcedOC2Config                      0x0800547d   Thumb Code    20  stm32f10x_tim.o(.text)
    TIM_ForcedOC3Config                      0x08005491   Thumb Code    12  stm32f10x_tim.o(.text)
    TIM_ForcedOC4Config                      0x0800549d   Thumb Code    20  stm32f10x_tim.o(.text)
    TIM_ARRPreloadConfig                     0x080054b1   Thumb Code    20  stm32f10x_tim.o(.text)
    TIM_SelectCOM                            0x080054c5   Thumb Code    20  stm32f10x_tim.o(.text)
    TIM_SelectCCDMA                          0x080054d9   Thumb Code    20  stm32f10x_tim.o(.text)
    TIM_CCPreloadControl                     0x080054ed   Thumb Code    20  stm32f10x_tim.o(.text)
    TIM_OC1PreloadConfig                     0x08005501   Thumb Code    32  stm32f10x_tim.o(.text)
    TIM_OC2PreloadConfig                     0x08005521   Thumb Code    20  stm32f10x_tim.o(.text)
    TIM_OC3PreloadConfig                     0x08005535   Thumb Code    12  stm32f10x_tim.o(.text)
    TIM_OC4PreloadConfig                     0x08005541   Thumb Code    20  stm32f10x_tim.o(.text)
    TIM_OC1FastConfig                        0x08005555   Thumb Code    12  stm32f10x_tim.o(.text)
    TIM_OC2FastConfig                        0x08005561   Thumb Code    20  stm32f10x_tim.o(.text)
    TIM_OC3FastConfig                        0x08005575   Thumb Code    12  stm32f10x_tim.o(.text)
    TIM_OC4FastConfig                        0x08005581   Thumb Code    20  stm32f10x_tim.o(.text)
    TIM_ClearOC1Ref                          0x08005595   Thumb Code    12  stm32f10x_tim.o(.text)
    TIM_ClearOC2Ref                          0x080055a1   Thumb Code    20  stm32f10x_tim.o(.text)
    TIM_ClearOC3Ref                          0x080055b5   Thumb Code    12  stm32f10x_tim.o(.text)
    TIM_ClearOC4Ref                          0x080055c1   Thumb Code    20  stm32f10x_tim.o(.text)
    TIM_OC1PolarityConfig                    0x080055d5   Thumb Code    12  stm32f10x_tim.o(.text)
    TIM_OC1NPolarityConfig                   0x080055e1   Thumb Code    12  stm32f10x_tim.o(.text)
    TIM_OC2PolarityConfig                    0x080055ed   Thumb Code    20  stm32f10x_tim.o(.text)
    TIM_OC2NPolarityConfig                   0x08005601   Thumb Code    20  stm32f10x_tim.o(.text)
    TIM_OC3PolarityConfig                    0x08005615   Thumb Code    20  stm32f10x_tim.o(.text)
    TIM_OC3NPolarityConfig                   0x08005629   Thumb Code    20  stm32f10x_tim.o(.text)
    TIM_OC4PolarityConfig                    0x0800563d   Thumb Code    20  stm32f10x_tim.o(.text)
    TIM_CCxCmd                               0x08005651   Thumb Code    22  stm32f10x_tim.o(.text)
    TIM_CCxNCmd                              0x08005667   Thumb Code    22  stm32f10x_tim.o(.text)
    TIM_SelectOCxM                           0x0800567d   Thumb Code    70  stm32f10x_tim.o(.text)
    TIM_UpdateDisableConfig                  0x080056c3   Thumb Code    20  stm32f10x_tim.o(.text)
    TIM_UpdateRequestConfig                  0x080056d7   Thumb Code    20  stm32f10x_tim.o(.text)
    TIM_SelectHallSensor                     0x080056eb   Thumb Code    20  stm32f10x_tim.o(.text)
    TIM_SelectOnePulseMode                   0x080056ff   Thumb Code    16  stm32f10x_tim.o(.text)
    TIM_SelectOutputTrigger                  0x0800570f   Thumb Code    16  stm32f10x_tim.o(.text)
    TIM_SelectSlaveMode                      0x0800571f   Thumb Code    16  stm32f10x_tim.o(.text)
    TIM_SelectMasterSlaveMode                0x0800572f   Thumb Code    16  stm32f10x_tim.o(.text)
    TIM_SetCounter                           0x0800573f   Thumb Code     4  stm32f10x_tim.o(.text)
    TIM_SetAutoreload                        0x08005743   Thumb Code     4  stm32f10x_tim.o(.text)
    TIM_SetCompare1                          0x08005747   Thumb Code     4  stm32f10x_tim.o(.text)
    TIM_SetCompare2                          0x0800574b   Thumb Code     4  stm32f10x_tim.o(.text)
    TIM_SetCompare3                          0x0800574f   Thumb Code     4  stm32f10x_tim.o(.text)
    TIM_SetCompare4                          0x08005753   Thumb Code     6  stm32f10x_tim.o(.text)
    TIM_SetClockDivision                     0x08005759   Thumb Code    16  stm32f10x_tim.o(.text)
    TIM_GetCapture1                          0x08005769   Thumb Code     4  stm32f10x_tim.o(.text)
    TIM_GetCapture2                          0x0800576d   Thumb Code     4  stm32f10x_tim.o(.text)
    TIM_GetCapture3                          0x08005771   Thumb Code     4  stm32f10x_tim.o(.text)
    TIM_GetCapture4                          0x08005775   Thumb Code     6  stm32f10x_tim.o(.text)
    TIM_GetCounter                           0x0800577b   Thumb Code     4  stm32f10x_tim.o(.text)
    TIM_GetPrescaler                         0x0800577f   Thumb Code     4  stm32f10x_tim.o(.text)
    TIM_GetFlagStatus                        0x08005783   Thumb Code    14  stm32f10x_tim.o(.text)
    TIM_ClearFlag                            0x08005791   Thumb Code     6  stm32f10x_tim.o(.text)
    TIM_GetITStatus                          0x08005797   Thumb Code    24  stm32f10x_tim.o(.text)
    TIM_ClearITPendingBit                    0x080057af   Thumb Code     6  stm32f10x_tim.o(.text)
    EXTI_DeInit                              0x080057b5   Thumb Code    28  stm32f10x_exti.o(.text)
    EXTI_Init                                0x080057d1   Thumb Code   108  stm32f10x_exti.o(.text)
    EXTI_StructInit                          0x0800583d   Thumb Code    14  stm32f10x_exti.o(.text)
    EXTI_GenerateSWInterrupt                 0x0800584b   Thumb Code    12  stm32f10x_exti.o(.text)
    EXTI_GetFlagStatus                       0x08005857   Thumb Code    18  stm32f10x_exti.o(.text)
    EXTI_ClearFlag                           0x08005869   Thumb Code     8  stm32f10x_exti.o(.text)
    EXTI_GetITStatus                         0x08005871   Thumb Code    28  stm32f10x_exti.o(.text)
    EXTI_ClearITPendingBit                   0x0800588d   Thumb Code     8  stm32f10x_exti.o(.text)
    vListInitialise                          0x0800589d   Thumb Code    22  list.o(.text)
    vListInitialiseItem                      0x080058b3   Thumb Code     6  list.o(.text)
    vListInsertEnd                           0x080058b9   Thumb Code    24  list.o(.text)
    vListInsert                              0x080058d1   Thumb Code    48  list.o(.text)
    uxListRemove                             0x08005901   Thumb Code    36  list.o(.text)
    xQueueGenericReset                       0x08005925   Thumb Code   128  queue.o(.text)
    xQueueGenericCreate                      0x080059a5   Thumb Code    82  queue.o(.text)
    xQueueGenericSend                        0x08005b45   Thumb Code   350  queue.o(.text)
    xQueueCreateMutex                        0x08005ca3   Thumb Code    36  queue.o(.text)
    xQueueGiveMutexRecursive                 0x08005cc7   Thumb Code    98  queue.o(.text)
    xQueueGenericReceive                     0x08005d4f   Thumb Code   356  queue.o(.text)
    xQueueTakeMutexRecursive                 0x08005eb3   Thumb Code    68  queue.o(.text)
    xQueueCreateCountingSemaphore            0x08005ef7   Thumb Code    62  queue.o(.text)
    xQueueGenericSendFromISR                 0x08005f35   Thumb Code   200  queue.o(.text)
    xQueueGiveFromISR                        0x08005ffd   Thumb Code   172  queue.o(.text)
    xQueueReceiveFromISR                     0x080060a9   Thumb Code   150  queue.o(.text)
    xQueuePeekFromISR                        0x0800613f   Thumb Code   114  queue.o(.text)
    uxQueueMessagesWaiting                   0x080061b1   Thumb Code    36  queue.o(.text)
    uxQueueSpacesAvailable                   0x080061d5   Thumb Code    40  queue.o(.text)
    uxQueueMessagesWaitingFromISR            0x080061fd   Thumb Code    26  queue.o(.text)
    vQueueUnregisterQueue                    0x08006217   Thumb Code    36  queue.o(.text)
    vQueueDelete                             0x0800623b   Thumb Code    38  queue.o(.text)
    uxQueueGetQueueNumber                    0x08006261   Thumb Code     4  queue.o(.text)
    vQueueSetQueueNumber                     0x08006265   Thumb Code     4  queue.o(.text)
    ucQueueGetQueueType                      0x08006269   Thumb Code     6  queue.o(.text)
    xQueueIsQueueEmptyFromISR                0x0800626f   Thumb Code    34  queue.o(.text)
    xQueueIsQueueFullFromISR                 0x08006291   Thumb Code    38  queue.o(.text)
    vQueueAddToRegistry                      0x080062b7   Thumb Code    32  queue.o(.text)
    pcQueueGetName                           0x080062d7   Thumb Code    34  queue.o(.text)
    vQueueWaitForMessageRestricted           0x080062f9   Thumb Code    68  queue.o(.text)
    xQueueCreateSet                          0x0800633d   Thumb Code     8  queue.o(.text)
    xQueueAddToSet                           0x08006345   Thumb Code    34  queue.o(.text)
    xQueueRemoveFromSet                      0x08006367   Thumb Code    34  queue.o(.text)
    xQueueSelectFromSet                      0x08006389   Thumb Code    18  queue.o(.text)
    xQueueSelectFromSetFromISR               0x0800639b   Thumb Code    18  queue.o(.text)
    xTaskCreate                              0x08006491   Thumb Code    86  tasks.o(.text)
    vTaskDelete                              0x080064e7   Thumb Code   154  tasks.o(.text)
    xTaskIncrementTick                       0x08006581   Thumb Code   186  tasks.o(.text)
    xTaskResumeAll                           0x0800663b   Thumb Code   182  tasks.o(.text)
    vTaskSuspendAll                          0x08006757   Thumb Code    10  tasks.o(.text)
    vTaskDelayUntil                          0x08006761   Thumb Code   180  tasks.o(.text)
    vTaskDelay                               0x08006815   Thumb Code    66  tasks.o(.text)
    eTaskGetState                            0x08006857   Thumb Code    94  tasks.o(.text)
    uxTaskPriorityGet                        0x080068b5   Thumb Code    24  tasks.o(.text)
    uxTaskPriorityGetFromISR                 0x080068cd   Thumb Code    40  tasks.o(.text)
    vTaskPrioritySet                         0x080068f5   Thumb Code   184  tasks.o(.text)
    vTaskSwitchContext                       0x080069ad   Thumb Code    84  tasks.o(.text)
    vTaskSuspend                             0x08006a01   Thumb Code   156  tasks.o(.text)
    vTaskResume                              0x08006acd   Thumb Code   116  tasks.o(.text)
    xTaskResumeFromISR                       0x08006b41   Thumb Code   126  tasks.o(.text)
    vTaskStartScheduler                      0x08006bdd   Thumb Code   130  tasks.o(.text)
    vTaskEndScheduler                        0x08006c5f   Thumb Code    24  tasks.o(.text)
    xTaskGetTickCount                        0x08006c77   Thumb Code     6  tasks.o(.text)
    xTaskGetTickCountFromISR                 0x08006c7d   Thumb Code    12  tasks.o(.text)
    uxTaskGetNumberOfTasks                   0x08006c89   Thumb Code     6  tasks.o(.text)
    pcTaskGetName                            0x08006c8f   Thumb Code    38  tasks.o(.text)
    vTaskGetInfo                             0x08006cb5   Thumb Code   126  tasks.o(.text)
    uxTaskGetSystemState                     0x08006d87   Thumb Code   156  tasks.o(.text)
    vTaskPlaceOnEventList                    0x08006e23   Thumb Code    46  tasks.o(.text)
    vTaskPlaceOnUnorderedEventList           0x08006e51   Thumb Code    78  tasks.o(.text)
    vTaskPlaceOnEventListRestricted          0x08006e9f   Thumb Code    54  tasks.o(.text)
    xTaskRemoveFromEventList                 0x08006ed5   Thumb Code   106  tasks.o(.text)
    xTaskRemoveFromUnorderedEventList        0x08006f3f   Thumb Code   116  tasks.o(.text)
    vTaskSetTimeOutState                     0x08006fb3   Thumb Code    34  tasks.o(.text)
    xTaskCheckForTimeOut                     0x08006fd5   Thumb Code   114  tasks.o(.text)
    vTaskMissedYield                         0x08007047   Thumb Code     8  tasks.o(.text)
    uxTaskGetTaskNumber                      0x0800704f   Thumb Code     8  tasks.o(.text)
    vTaskSetTaskNumber                       0x08007057   Thumb Code     8  tasks.o(.text)
    xTaskGetCurrentTaskHandle                0x0800705f   Thumb Code     6  tasks.o(.text)
    xTaskGetSchedulerState                   0x08007065   Thumb Code    22  tasks.o(.text)
    vTaskPriorityInherit                     0x0800707b   Thumb Code   124  tasks.o(.text)
    xTaskPriorityDisinherit                  0x080070f7   Thumb Code   144  tasks.o(.text)
    vTaskList                                0x08007187   Thumb Code   188  tasks.o(.text)
    uxTaskResetEventItemValue                0x08007243   Thumb Code    20  tasks.o(.text)
    pvTaskIncrementMutexHeldCount            0x08007257   Thumb Code    18  tasks.o(.text)
    ulTaskNotifyTake                         0x08007269   Thumb Code    96  tasks.o(.text)
    xTaskNotifyWait                          0x080072c9   Thumb Code   128  tasks.o(.text)
    xTaskGenericNotify                       0x08007349   Thumb Code   190  tasks.o(.text)
    xTaskGenericNotifyFromISR                0x08007407   Thumb Code   256  tasks.o(.text)
    vTaskNotifyGiveFromISR                   0x08007507   Thumb Code   168  tasks.o(.text)
    xTaskNotifyStateClear                    0x080075af   Thumb Code    44  tasks.o(.text)
    xTimerGenericCommand                     0x08007751   Thumb Code    98  timers.o(.text)
    xTimerCreateTimerTask                    0x080078d7   Thumb Code    58  timers.o(.text)
    xTimerCreate                             0x08007911   Thumb Code    72  timers.o(.text)
    xTimerGetTimerDaemonTaskHandle           0x08007959   Thumb Code    24  timers.o(.text)
    xTimerGetPeriod                          0x08007971   Thumb Code    22  timers.o(.text)
    xTimerGetExpiryTime                      0x08007987   Thumb Code    22  timers.o(.text)
    pcTimerGetName                           0x0800799d   Thumb Code    22  timers.o(.text)
    xTimerIsTimerActive                      0x080079b3   Thumb Code    40  timers.o(.text)
    pvTimerGetTimerID                        0x080079db   Thumb Code    32  timers.o(.text)
    vTimerSetTimerID                         0x080079fb   Thumb Code    34  timers.o(.text)
    xTimerPendFunctionCallFromISR            0x08007a1d   Thumb Code    34  timers.o(.text)
    xTimerPendFunctionCall                   0x08007a3f   Thumb Code    60  timers.o(.text)
    pxPortInitialiseStack                    0x08007c57   Thumb Code    32  port.o(.text)
    vPortSetupTimerInterrupt                 0x08007c77   Thumb Code    26  port.o(.text)
    xPortStartScheduler                      0x08007c91   Thumb Code   108  port.o(.text)
    vPortEndScheduler                        0x08007cfd   Thumb Code    24  port.o(.text)
    vPortEnterCritical                       0x08007d15   Thumb Code    52  port.o(.text)
    vPortExitCritical                        0x08007d49   Thumb Code    34  port.o(.text)
    xPortSysTickHandler                      0x08007d6b   Thumb Code    40  port.o(.text)
    vPortValidateInterruptPriority           0x08007d93   Thumb Code    72  port.o(.text)
    pvPortMalloc                             0x08007e75   Thumb Code   214  heap_4.o(.text)
    vPortFree                                0x08007f4b   Thumb Code    96  heap_4.o(.text)
    xPortGetFreeHeapSize                     0x08007fab   Thumb Code     8  heap_4.o(.text)
    xPortGetMinimumEverFreeHeapSize          0x08007fb3   Thumb Code     8  heap_4.o(.text)
    vPortInitialiseBlocks                    0x08007fbb   Thumb Code     2  heap_4.o(.text)
    __use_no_semihosting                     0x08008041   Thumb Code     2  use_no_semi_2.o(.text)
    __2printf                                0x08008045   Thumb Code    20  noretval__2printf.o(.text)
    __2sprintf                               0x0800805d   Thumb Code    34  noretval__2sprintf.o(.text)
    __printf                                 0x08008085   Thumb Code   104  __printf.o(.text)
    _printf_str                              0x080080ed   Thumb Code    82  _printf_str.o(.text)
    _printf_int_dec                          0x08008141   Thumb Code   104  _printf_dec.o(.text)
    _printf_int_hex                          0x080081b9   Thumb Code    84  _printf_hex_int.o(.text)
    _printf_longlong_hex                     0x080081b9   Thumb Code     0  _printf_hex_int.o(.text)
    strcpy                                   0x08008211   Thumb Code    72  strcpy.o(.text)
    strlen                                   0x08008259   Thumb Code    62  strlen.o(.text)
    __aeabi_memcpy                           0x08008297   Thumb Code     0  rt_memcpy_v6.o(.text)
    __rt_memcpy                              0x08008297   Thumb Code   138  rt_memcpy_v6.o(.text)
    _memcpy_lastbytes                        0x080082fd   Thumb Code     0  rt_memcpy_v6.o(.text)
    __aeabi_memset                           0x08008321   Thumb Code    16  aeabi_memset.o(.text)
    __use_two_region_memory                  0x08008331   Thumb Code     2  heapauxi.o(.text)
    __rt_heap_escrow$2region                 0x08008333   Thumb Code     2  heapauxi.o(.text)
    __rt_heap_expand$2region                 0x08008335   Thumb Code     2  heapauxi.o(.text)
    __I$use$semihosting                      0x08008337   Thumb Code     0  use_no_semi.o(.text)
    __use_no_semihosting_swi                 0x08008337   Thumb Code     2  use_no_semi.o(.text)
    _printf_int_common                       0x08008339   Thumb Code   178  _printf_intcommon.o(.text)
    _printf_char_common                      0x080083f7   Thumb Code    32  _printf_char_common.o(.text)
    _sputc                                   0x0800841d   Thumb Code    10  _sputc.o(.text)
    _printf_cs_common                        0x08008427   Thumb Code    20  _printf_char.o(.text)
    _printf_char                             0x0800843b   Thumb Code    16  _printf_char.o(.text)
    _printf_string                           0x0800844b   Thumb Code     8  _printf_char.o(.text)
    _printf_char_file                        0x08008455   Thumb Code    32  _printf_char_file.o(.text)
    __aeabi_memcpy4                          0x08008479   Thumb Code     0  rt_memcpy_w.o(.text)
    __aeabi_memcpy8                          0x08008479   Thumb Code     0  rt_memcpy_w.o(.text)
    __rt_memcpy_w                            0x08008479   Thumb Code   100  rt_memcpy_w.o(.text)
    _memcpy_lastbytes_aligned                0x080084c1   Thumb Code     0  rt_memcpy_w.o(.text)
    __aeabi_memclr                           0x080084dd   Thumb Code     0  rt_memclr.o(.text)
    __rt_memclr                              0x080084dd   Thumb Code    68  rt_memclr.o(.text)
    _memset                                  0x080084e1   Thumb Code     0  rt_memclr.o(.text)
    ferror                                   0x08008521   Thumb Code     8  ferror.o(.text)
    __aeabi_memclr4                          0x08008529   Thumb Code     0  rt_memclr_w.o(.text)
    __aeabi_memclr8                          0x08008529   Thumb Code     0  rt_memclr_w.o(.text)
    __rt_memclr_w                            0x08008529   Thumb Code    78  rt_memclr_w.o(.text)
    _memset_w                                0x0800852d   Thumb Code     0  rt_memclr_w.o(.text)
    __user_setup_stackheap                   0x08008577   Thumb Code    74  sys_stackheap_outer.o(.text)
    exit                                     0x080085c1   Thumb Code    18  exit.o(.text)
    __user_libspace                          0x080085d5   Thumb Code     8  libspace.o(.text)
    __user_perproc_libspace                  0x080085d5   Thumb Code     0  libspace.o(.text)
    __user_perthread_libspace                0x080085d5   Thumb Code     0  libspace.o(.text)
    __aeabi_d2uiz                            0x080085dd   Thumb Code     0  dfixu.o(x$fpl$dfixu)
    _dfixu                                   0x080085dd   Thumb Code    90  dfixu.o(x$fpl$dfixu)
    __aeabi_ui2d                             0x08008637   Thumb Code     0  dflt_clz.o(x$fpl$dfltu)
    _dfltu                                   0x08008637   Thumb Code    38  dflt_clz.o(x$fpl$dfltu)
    __aeabi_dmul                             0x0800865d   Thumb Code     0  dmul.o(x$fpl$dmul)
    _dmul                                    0x0800865d   Thumb Code   332  dmul.o(x$fpl$dmul)
    __fpl_dnaninf                            0x080087b1   Thumb Code   156  dnaninf.o(x$fpl$dnaninf)
    __fpl_dretinf                            0x0800884d   Thumb Code    12  dretinf.o(x$fpl$dretinf)
    __I$use$fp                               0x08008858   Number         0  usenofp.o(x$fpl$usenofp)
    asc2_1206                                0x08008858   Data        1140  lcd.o(.constdata)
    asc2_1608                                0x08008ccc   Data        1520  lcd.o(.constdata)
    asc2_2412                                0x080092bc   Data        3420  lcd.o(.constdata)
    Region$$Table$$Base                      0x0800a040   Number         0  anon$$obj.o(Region$$Table)
    Region$$Table$$Limit                     0x0800a060   Number         0  anon$$obj.o(Region$$Table)
    StartTask_Handler                        0x20000000   Data           4  main.o(.data)
    KEYTask_Handler                          0x20000004   Data           4  main.o(.data)
    Task1_Handler                            0x20000008   Data           4  main.o(.data)
    Task2_Handler                            0x2000000c   Data           4  main.o(.data)
    lcd_discolor                             0x20000010   Data          56  main.o(.data)
    SystemCoreClock                          0x20000048   Data           4  system_stm32f10x.o(.data)
    AHBPrescTable                            0x2000004c   Data          16  system_stm32f10x.o(.data)
    POINT_COLOR                              0x2000005e   Data           2  lcd.o(.data)
    BACK_COLOR                               0x20000060   Data           2  lcd.o(.data)
    USART_RX_STA                             0x20000066   Data           2  usart.o(.data)
    __stdout                                 0x20000068   Data           4  usart.o(.data)
    pxCurrentTCB                             0x20000080   Data           4  tasks.o(.data)
    lcddev                                   0x200000f4   Data          14  lcd.o(.bss)
    USART_RX_BUF                             0x20000102   Data         200  usart.o(.bss)
    xQueueRegistry                           0x200001cc   Data          64  queue.o(.bss)
    __libspace_start                         0x20005518   Data          96  libspace.o(.bss)
    __temporary_stack_top$libspace           0x20005578   Data           0  libspace.o(.bss)



==============================================================================

Memory Map of the image

  Image Entry point : 0x08000131

  Load Region LR_IROM1 (Base: 0x08000000, Size: 0x0000a154, Max: 0x00040000, ABSOLUTE)

    Execution Region ER_IROM1 (Exec base: 0x08000000, Load base: 0x08000000, Size: 0x0000a060, Max: 0x00040000, ABSOLUTE)

    Exec Addr    Load Addr    Size         Type   Attr      Idx    E Section Name        Object

    0x08000000   0x08000000   0x00000130   Data   RO          390    RESET               startup_stm32f10x_hd.o
    0x08000130   0x08000130   0x00000008   Code   RO          717  * !!!main             c_w.l(__main.o)
    0x08000138   0x08000138   0x00000034   Code   RO          912    !!!scatter          c_w.l(__scatter.o)
    0x0800016c   0x0800016c   0x0000001a   Code   RO          914    !!handler_copy      c_w.l(__scatter_copy.o)
    0x08000186   0x08000186   0x00000002   PAD
    0x08000188   0x08000188   0x0000001c   Code   RO          916    !!handler_zi        c_w.l(__scatter_zi.o)
    0x080001a4   0x080001a4   0x00000000   Code   RO          706    .ARM.Collect$$_printf_percent$$00000000  c_w.l(_printf_percent.o)
    0x080001a4   0x080001a4   0x00000006   Code   RO          704    .ARM.Collect$$_printf_percent$$00000009  c_w.l(_printf_d.o)
    0x080001aa   0x080001aa   0x00000006   Code   RO          705    .ARM.Collect$$_printf_percent$$0000000A  c_w.l(_printf_u.o)
    0x080001b0   0x080001b0   0x00000006   Code   RO          703    .ARM.Collect$$_printf_percent$$0000000C  c_w.l(_printf_x.o)
    0x080001b6   0x080001b6   0x00000006   Code   RO          701    .ARM.Collect$$_printf_percent$$00000013  c_w.l(_printf_c.o)
    0x080001bc   0x080001bc   0x00000006   Code   RO          702    .ARM.Collect$$_printf_percent$$00000014  c_w.l(_printf_s.o)
    0x080001c2   0x080001c2   0x00000004   Code   RO          744    .ARM.Collect$$_printf_percent$$00000017  c_w.l(_printf_percent_end.o)
    0x080001c6   0x080001c6   0x00000002   Code   RO          786    .ARM.Collect$$libinit$$00000000  c_w.l(libinit.o)
    0x080001c8   0x080001c8   0x00000000   Code   RO          793    .ARM.Collect$$libinit$$00000002  c_w.l(libinit2.o)
    0x080001c8   0x080001c8   0x00000000   Code   RO          795    .ARM.Collect$$libinit$$00000004  c_w.l(libinit2.o)
    0x080001c8   0x080001c8   0x00000000   Code   RO          798    .ARM.Collect$$libinit$$0000000A  c_w.l(libinit2.o)
    0x080001c8   0x080001c8   0x00000000   Code   RO          800    .ARM.Collect$$libinit$$0000000C  c_w.l(libinit2.o)
    0x080001c8   0x080001c8   0x00000000   Code   RO          802    .ARM.Collect$$libinit$$0000000E  c_w.l(libinit2.o)
    0x080001c8   0x080001c8   0x00000000   Code   RO          805    .ARM.Collect$$libinit$$00000011  c_w.l(libinit2.o)
    0x080001c8   0x080001c8   0x00000000   Code   RO          807    .ARM.Collect$$libinit$$00000013  c_w.l(libinit2.o)
    0x080001c8   0x080001c8   0x00000000   Code   RO          809    .ARM.Collect$$libinit$$00000015  c_w.l(libinit2.o)
    0x080001c8   0x080001c8   0x00000000   Code   RO          811    .ARM.Collect$$libinit$$00000017  c_w.l(libinit2.o)
    0x080001c8   0x080001c8   0x00000000   Code   RO          813    .ARM.Collect$$libinit$$00000019  c_w.l(libinit2.o)
    0x080001c8   0x080001c8   0x00000000   Code   RO          815    .ARM.Collect$$libinit$$0000001B  c_w.l(libinit2.o)
    0x080001c8   0x080001c8   0x00000000   Code   RO          817    .ARM.Collect$$libinit$$0000001D  c_w.l(libinit2.o)
    0x080001c8   0x080001c8   0x00000000   Code   RO          819    .ARM.Collect$$libinit$$0000001F  c_w.l(libinit2.o)
    0x080001c8   0x080001c8   0x00000000   Code   RO          821    .ARM.Collect$$libinit$$00000021  c_w.l(libinit2.o)
    0x080001c8   0x080001c8   0x00000000   Code   RO          823    .ARM.Collect$$libinit$$00000023  c_w.l(libinit2.o)
    0x080001c8   0x080001c8   0x00000000   Code   RO          825    .ARM.Collect$$libinit$$00000025  c_w.l(libinit2.o)
    0x080001c8   0x080001c8   0x00000000   Code   RO          829    .ARM.Collect$$libinit$$0000002C  c_w.l(libinit2.o)
    0x080001c8   0x080001c8   0x00000000   Code   RO          831    .ARM.Collect$$libinit$$0000002E  c_w.l(libinit2.o)
    0x080001c8   0x080001c8   0x00000000   Code   RO          833    .ARM.Collect$$libinit$$00000030  c_w.l(libinit2.o)
    0x080001c8   0x080001c8   0x00000000   Code   RO          835    .ARM.Collect$$libinit$$00000032  c_w.l(libinit2.o)
    0x080001c8   0x080001c8   0x00000002   Code   RO          836    .ARM.Collect$$libinit$$00000033  c_w.l(libinit2.o)
    0x080001ca   0x080001ca   0x00000002   Code   RO          854    .ARM.Collect$$libshutdown$$00000000  c_w.l(libshutdown.o)
    0x080001cc   0x080001cc   0x00000000   Code   RO          864    .ARM.Collect$$libshutdown$$00000002  c_w.l(libshutdown2.o)
    0x080001cc   0x080001cc   0x00000000   Code   RO          866    .ARM.Collect$$libshutdown$$00000004  c_w.l(libshutdown2.o)
    0x080001cc   0x080001cc   0x00000000   Code   RO          869    .ARM.Collect$$libshutdown$$00000007  c_w.l(libshutdown2.o)
    0x080001cc   0x080001cc   0x00000000   Code   RO          872    .ARM.Collect$$libshutdown$$0000000A  c_w.l(libshutdown2.o)
    0x080001cc   0x080001cc   0x00000000   Code   RO          874    .ARM.Collect$$libshutdown$$0000000C  c_w.l(libshutdown2.o)
    0x080001cc   0x080001cc   0x00000000   Code   RO          877    .ARM.Collect$$libshutdown$$0000000F  c_w.l(libshutdown2.o)
    0x080001cc   0x080001cc   0x00000002   Code   RO          878    .ARM.Collect$$libshutdown$$00000010  c_w.l(libshutdown2.o)
    0x080001ce   0x080001ce   0x00000000   Code   RO          733    .ARM.Collect$$rtentry$$00000000  c_w.l(__rtentry.o)
    0x080001ce   0x080001ce   0x00000000   Code   RO          755    .ARM.Collect$$rtentry$$00000002  c_w.l(__rtentry2.o)
    0x080001ce   0x080001ce   0x00000006   Code   RO          767    .ARM.Collect$$rtentry$$00000004  c_w.l(__rtentry4.o)
    0x080001d4   0x080001d4   0x00000000   Code   RO          757    .ARM.Collect$$rtentry$$00000009  c_w.l(__rtentry2.o)
    0x080001d4   0x080001d4   0x00000004   Code   RO          758    .ARM.Collect$$rtentry$$0000000A  c_w.l(__rtentry2.o)
    0x080001d8   0x080001d8   0x00000000   Code   RO          760    .ARM.Collect$$rtentry$$0000000C  c_w.l(__rtentry2.o)
    0x080001d8   0x080001d8   0x00000008   Code   RO          761    .ARM.Collect$$rtentry$$0000000D  c_w.l(__rtentry2.o)
    0x080001e0   0x080001e0   0x00000002   Code   RO          790    .ARM.Collect$$rtexit$$00000000  c_w.l(rtexit.o)
    0x080001e2   0x080001e2   0x00000000   Code   RO          838    .ARM.Collect$$rtexit$$00000002  c_w.l(rtexit2.o)
    0x080001e2   0x080001e2   0x00000004   Code   RO          839    .ARM.Collect$$rtexit$$00000003  c_w.l(rtexit2.o)
    0x080001e6   0x080001e6   0x00000006   Code   RO          840    .ARM.Collect$$rtexit$$00000004  c_w.l(rtexit2.o)
    0x080001ec   0x080001ec   0x00000096   Code   RO          596    .emb_text           port.o
    0x08000282   0x08000282   0x00000002   PAD
    0x08000284   0x08000284   0x00000344   Code   RO            1    .text               main.o
    0x080005c8   0x080005c8   0x0000000c   Code   RO          167    .text               stm32f10x_it.o
    0x080005d4   0x080005d4   0x00000158   Code   RO          208    .text               system_stm32f10x.o
    0x0800072c   0x0800072c   0x00000054   Code   RO          226    .text               led.o
    0x08000780   0x08000780   0x00000100   Code   RO          238    .text               key.o
    0x08000880   0x08000880   0x00003750   Code   RO          251    .text               lcd.o
    0x08003fd0   0x08003fd0   0x00000128   Code   RO          282    .text               timer.o
    0x080040f8   0x080040f8   0x000000ac   Code   RO          294    .text               exti.o
    0x080041a4   0x080041a4   0x000000d8   Code   RO          310    .text               delay.o
    0x0800427c   0x0800427c   0x00000114   Code   RO          351    .text               usart.o
    0x08004390   0x08004390   0x00000040   Code   RO          391    .text               startup_stm32f10x_hd.o
    0x080043d0   0x080043d0   0x000000b0   Code   RO          395    .text               misc.o
    0x08004480   0x08004480   0x00000264   Code   RO          407    .text               stm32f10x_gpio.o
    0x080046e4   0x080046e4   0x000002b8   Code   RO          419    .text               stm32f10x_rcc.o
    0x0800499c   0x0800499c   0x00000328   Code   RO          433    .text               stm32f10x_usart.o
    0x08004cc4   0x08004cc4   0x00000af0   Code   RO          445    .text               stm32f10x_tim.o
    0x080057b4   0x080057b4   0x000000e8   Code   RO          458    .text               stm32f10x_exti.o
    0x0800589c   0x0800589c   0x00000088   Code   RO          515    .text               list.o
    0x08005924   0x08005924   0x00000aac   Code   RO          527    .text               queue.o
    0x080063d0   0x080063d0   0x0000134c   Code   RO          549    .text               tasks.o
    0x0800771c   0x0800771c   0x00000518   Code   RO          581    .text               timers.o
    0x08007c34   0x08007c34   0x000001f8   Code   RO          597    .text               port.o
    0x08007e2c   0x08007e2c   0x00000214   Code   RO          627    .text               heap_4.o
    0x08008040   0x08008040   0x00000002   Code   RO          644    .text               c_w.l(use_no_semi_2.o)
    0x08008042   0x08008042   0x00000002   PAD
    0x08008044   0x08008044   0x00000018   Code   RO          650    .text               c_w.l(noretval__2printf.o)
    0x0800805c   0x0800805c   0x00000028   Code   RO          652    .text               c_w.l(noretval__2sprintf.o)
    0x08008084   0x08008084   0x00000068   Code   RO          654    .text               c_w.l(__printf.o)
    0x080080ec   0x080080ec   0x00000052   Code   RO          656    .text               c_w.l(_printf_str.o)
    0x0800813e   0x0800813e   0x00000002   PAD
    0x08008140   0x08008140   0x00000078   Code   RO          658    .text               c_w.l(_printf_dec.o)
    0x080081b8   0x080081b8   0x00000058   Code   RO          663    .text               c_w.l(_printf_hex_int.o)
    0x08008210   0x08008210   0x00000048   Code   RO          707    .text               c_w.l(strcpy.o)
    0x08008258   0x08008258   0x0000003e   Code   RO          709    .text               c_w.l(strlen.o)
    0x08008296   0x08008296   0x0000008a   Code   RO          711    .text               c_w.l(rt_memcpy_v6.o)
    0x08008320   0x08008320   0x00000010   Code   RO          713    .text               c_w.l(aeabi_memset.o)
    0x08008330   0x08008330   0x00000006   Code   RO          715    .text               c_w.l(heapauxi.o)
    0x08008336   0x08008336   0x00000002   Code   RO          731    .text               c_w.l(use_no_semi.o)
    0x08008338   0x08008338   0x000000b2   Code   RO          734    .text               c_w.l(_printf_intcommon.o)
    0x080083ea   0x080083ea   0x00000002   PAD
    0x080083ec   0x080083ec   0x00000030   Code   RO          736    .text               c_w.l(_printf_char_common.o)
    0x0800841c   0x0800841c   0x0000000a   Code   RO          738    .text               c_w.l(_sputc.o)
    0x08008426   0x08008426   0x0000002c   Code   RO          740    .text               c_w.l(_printf_char.o)
    0x08008452   0x08008452   0x00000002   PAD
    0x08008454   0x08008454   0x00000024   Code   RO          742    .text               c_w.l(_printf_char_file.o)
    0x08008478   0x08008478   0x00000064   Code   RO          745    .text               c_w.l(rt_memcpy_w.o)
    0x080084dc   0x080084dc   0x00000044   Code   RO          747    .text               c_w.l(rt_memclr.o)
    0x08008520   0x08008520   0x00000008   Code   RO          771    .text               c_w.l(ferror.o)
    0x08008528   0x08008528   0x0000004e   Code   RO          775    .text               c_w.l(rt_memclr_w.o)
    0x08008576   0x08008576   0x0000004a   Code   RO          777    .text               c_w.l(sys_stackheap_outer.o)
    0x080085c0   0x080085c0   0x00000012   Code   RO          779    .text               c_w.l(exit.o)
    0x080085d2   0x080085d2   0x00000002   PAD
    0x080085d4   0x080085d4   0x00000008   Code   RO          787    .text               c_w.l(libspace.o)
    0x080085dc   0x080085dc   0x0000005a   Code   RO          719    x$fpl$dfixu         fz_ws.l(dfixu.o)
    0x08008636   0x08008636   0x00000026   Code   RO          723    x$fpl$dfltu         fz_ws.l(dflt_clz.o)
    0x0800865c   0x0800865c   0x00000154   Code   RO          729    x$fpl$dmul          fz_ws.l(dmul.o)
    0x080087b0   0x080087b0   0x0000009c   Code   RO          749    x$fpl$dnaninf       fz_ws.l(dnaninf.o)
    0x0800884c   0x0800884c   0x0000000c   Code   RO          751    x$fpl$dretinf       fz_ws.l(dretinf.o)
    0x08008858   0x08008858   0x00000000   Code   RO          753    x$fpl$usenofp       fz_ws.l(usenofp.o)
    0x08008858   0x08008858   0x000017c0   Data   RO          253    .constdata          lcd.o
    0x0800a018   0x0800a018   0x00000028   Data   RO          664    .constdata          c_w.l(_printf_hex_int.o)
    0x0800a040   0x0800a040   0x00000020   Data   RO          910    Region$$Table       anon$$obj.o


    Execution Region RW_IRAM1 (Exec base: 0x20000000, Load base: 0x0800a060, Size: 0x00005b78, Max: 0x0000c000, ABSOLUTE)

    Exec Addr    Load Addr    Size         Type   Attr      Idx    E Section Name        Object

    0x20000000   0x0800a060   0x00000048   Data   RW            2    .data               main.o
    0x20000048   0x0800a0a8   0x00000014   Data   RW          209    .data               system_stm32f10x.o
    0x2000005c   0x0800a0bc   0x00000001   Data   RW          239    .data               key.o
    0x2000005d   0x0800a0bd   0x00000001   PAD
    0x2000005e   0x0800a0be   0x00000004   Data   RW          254    .data               lcd.o
    0x20000062   0x0800a0c2   0x00000004   Data   RW          311    .data               delay.o
    0x20000066   0x0800a0c6   0x00000002   Data   RW          353    .data               usart.o
    0x20000068   0x0800a0c8   0x00000004   Data   RW          354    .data               usart.o
    0x2000006c   0x0800a0cc   0x00000014   Data   RW          420    .data               stm32f10x_rcc.o
    0x20000080   0x0800a0e0   0x0000003c   Data   RW          551    .data               tasks.o
    0x200000bc   0x0800a11c   0x00000014   Data   RW          583    .data               timers.o
    0x200000d0   0x0800a130   0x0000000c   Data   RW          598    .data               port.o
    0x200000dc   0x0800a13c   0x00000018   Data   RW          629    .data               heap_4.o
    0x200000f4        -       0x0000000e   Zero   RW          252    .bss                lcd.o
    0x20000102        -       0x000000c8   Zero   RW          352    .bss                usart.o
    0x200001ca   0x0800a154   0x00000002   PAD
    0x200001cc        -       0x00000040   Zero   RW          528    .bss                queue.o
    0x2000020c        -       0x000002e4   Zero   RW          550    .bss                tasks.o
    0x200004f0        -       0x00000028   Zero   RW          582    .bss                timers.o
    0x20000518        -       0x00005000   Zero   RW          628    .bss                heap_4.o
    0x20005518        -       0x00000060   Zero   RW          788    .bss                c_w.l(libspace.o)
    0x20005578        -       0x00000200   Zero   RW          389    HEAP                startup_stm32f10x_hd.o
    0x20005778        -       0x00000400   Zero   RW          388    STACK               startup_stm32f10x_hd.o


==============================================================================

Image component sizes


      Code (inc. data)   RO Data    RW Data    ZI Data      Debug   Object Name

       216         12          0          4          0       1585   delay.o
         0          0          0          0          0      10232   event_groups.o
       172         32          0          0          0        756   exti.o
       532         66          0         24      20480       3364   heap_4.o
       256         16          0          1          0        884   key.o
     14160        116       6080          4         14      21381   lcd.o
        84         10          0          0          0        483   led.o
       136          0          0          0          0       1770   list.o
       836        236          0         72          0     267330   main.o
       176         14          0          0          0       1865   misc.o
       654         94          0         12          0       7613   port.o
      2732         52          0          0         64      19476   queue.o
        64         26        304          0       1536        776   startup_stm32f10x_hd.o
       232          8          0          0          0       2371   stm32f10x_exti.o
       612         36          0          0          0       5993   stm32f10x_gpio.o
        12          0          0          0          0        871   stm32f10x_it.o
       696         32          0         20          0       8948   stm32f10x_rcc.o
      2800         84          0          0          0      23930   stm32f10x_tim.o
       808         22          0          0          0       8852   stm32f10x_usart.o
         0          0          0          0          0         32   sys.o
       344         34          0         20          0       1723   system_stm32f10x.o
      4940        180          0         60        740      33210   tasks.o
       296         48          0          0          0       1270   timer.o
      1304        128          0         20         40       9020   timers.o
       276         16          0          6        200       3194   usart.o

    ----------------------------------------------------------------------
     32340       1262       6416        244      23076     436929   Object Totals
         0          0         32          0          0          0   (incl. Generated)
         2          0          0          1          2          0   (incl. Padding)

    ----------------------------------------------------------------------

      Code (inc. data)   RO Data    RW Data    ZI Data      Debug   Library Member Name

         8          0          0          0          0         68   __main.o
       104          0          0          0          0         84   __printf.o
         0          0          0          0          0          0   __rtentry.o
        12          0          0          0          0          0   __rtentry2.o
         6          0          0          0          0          0   __rtentry4.o
        52          8          0          0          0          0   __scatter.o
        26          0          0          0          0          0   __scatter_copy.o
        28          0          0          0          0          0   __scatter_zi.o
         6          0          0          0          0          0   _printf_c.o
        44          0          0          0          0        108   _printf_char.o
        48          6          0          0          0         96   _printf_char_common.o
        36          4          0          0          0         80   _printf_char_file.o
         6          0          0          0          0          0   _printf_d.o
       120         16          0          0          0         92   _printf_dec.o
        88          4         40          0          0         88   _printf_hex_int.o
       178          0          0          0          0         88   _printf_intcommon.o
         0          0          0          0          0          0   _printf_percent.o
         4          0          0          0          0          0   _printf_percent_end.o
         6          0          0          0          0          0   _printf_s.o
        82          0          0          0          0         80   _printf_str.o
         6          0          0          0          0          0   _printf_u.o
         6          0          0          0          0          0   _printf_x.o
        10          0          0          0          0         68   _sputc.o
        16          0          0          0          0         68   aeabi_memset.o
        18          0          0          0          0         80   exit.o
         8          0          0          0          0         68   ferror.o
         6          0          0          0          0        152   heapauxi.o
         2          0          0          0          0          0   libinit.o
         2          0          0          0          0          0   libinit2.o
         2          0          0          0          0          0   libshutdown.o
         2          0          0          0          0          0   libshutdown2.o
         8          4          0          0         96         68   libspace.o
        24          4          0          0          0         84   noretval__2printf.o
        40          6          0          0          0         84   noretval__2sprintf.o
        68          0          0          0          0         68   rt_memclr.o
        78          0          0          0          0         80   rt_memclr_w.o
       138          0          0          0          0         68   rt_memcpy_v6.o
       100          0          0          0          0         80   rt_memcpy_w.o
         2          0          0          0          0          0   rtexit.o
        10          0          0          0          0          0   rtexit2.o
        72          0          0          0          0         80   strcpy.o
        62          0          0          0          0         76   strlen.o
        74          0          0          0          0         80   sys_stackheap_outer.o
         2          0          0          0          0         68   use_no_semi.o
         2          0          0          0          0         68   use_no_semi_2.o
        90          4          0          0          0         92   dfixu.o
        38          0          0          0          0         68   dflt_clz.o
       340         12          0          0          0        104   dmul.o
       156          4          0          0          0         92   dnaninf.o
        12          0          0          0          0         68   dretinf.o
         0          0          0          0          0          0   usenofp.o

    ----------------------------------------------------------------------
      2260         72         40          0         96       2548   Library Totals
        12          0          0          0          0          0   (incl. Padding)

    ----------------------------------------------------------------------

      Code (inc. data)   RO Data    RW Data    ZI Data      Debug   Library Name

      1612         52         40          0         96       2124   c_w.l
       636         20          0          0          0        424   fz_ws.l

    ----------------------------------------------------------------------
      2260         72         40          0         96       2548   Library Totals

    ----------------------------------------------------------------------

==============================================================================


      Code (inc. data)   RO Data    RW Data    ZI Data      Debug   

     34600       1334       6456        244      23172     435157   Grand Totals
     34600       1334       6456        244      23172     435157   ELF Image Totals
     34600       1334       6456        244          0          0   ROM Totals

==============================================================================

    Total RO  Size (Code + RO Data)                41056 (  40.09kB)
    Total RW  Size (RW Data + ZI Data)             23416 (  22.87kB)
    Total ROM Size (Code + RO Data + RW Data)      41300 (  40.33kB)

==============================================================================

